../Core/Src/main.c:73:6:SetFrequency	64	static
../Core/Src/main.c:157:6:SelectOsc	16	static
../Core/Src/main.c:179:6:ShowCurrentOscConfig	16	static
../Core/Src/main.c:211:9:DebounceButton	16	static
../Core/Src/main.c:226:6:IncrementChar	16	static
../Core/Src/main.c:241:6:DecrementChar	16	static
../Core/Src/main.c:256:6:SelectChar	16	static
../Core/Src/main.c:270:6:ShowEditOscConfig	16	static
../Core/Src/main.c:309:5:main	16	static
../Core/Src/main.c:413:6:SystemClock_Config	72	static
../Core/Src/main.c:453:13:MX_I2C1_Init	8	static
../Core/Src/main.c:487:13:MX_GPIO_Init	40	static
../Core/Src/main.c:533:13:MX_SI_Init	8	static
../Core/Src/main.c:560:13:MX_SCR_Init	8	static
../Core/Src/main.c:572:6:Error_Handler	4	static,ignoring_inline_asm
