Archive member included to satisfy reference by file (symbol)

c:/program files/stmicroelectronics/stm32cube/stm32cubeide_1.9.0/stm32cubeide/plugins/com.st.stm32cube.ide.mcu.externaltools.gnu-tools-for-stm32.10.3-2021.10.win32_1.0.0.202111181127/tools/bin/../lib/gcc/arm-none-eabi/10.3.1/../../../../arm-none-eabi/lib/thumb/v7-m/nofp\libc_nano.a(lib_a-atol.o)
                              ./Core/Src/main.o (atol)
c:/program files/stmicroelectronics/stm32cube/stm32cubeide_1.9.0/stm32cubeide/plugins/com.st.stm32cube.ide.mcu.externaltools.gnu-tools-for-stm32.10.3-2021.10.win32_1.0.0.202111181127/tools/bin/../lib/gcc/arm-none-eabi/10.3.1/../../../../arm-none-eabi/lib/thumb/v7-m/nofp\libc_nano.a(lib_a-errno.o)
                              ./Core/Src/syscalls.o (__errno)
c:/program files/stmicroelectronics/stm32cube/stm32cubeide_1.9.0/stm32cubeide/plugins/com.st.stm32cube.ide.mcu.externaltools.gnu-tools-for-stm32.10.3-2021.10.win32_1.0.0.202111181127/tools/bin/../lib/gcc/arm-none-eabi/10.3.1/../../../../arm-none-eabi/lib/thumb/v7-m/nofp\libc_nano.a(lib_a-exit.o)
                              c:/program files/stmicroelectronics/stm32cube/stm32cubeide_1.9.0/stm32cubeide/plugins/com.st.stm32cube.ide.mcu.externaltools.gnu-tools-for-stm32.10.3-2021.10.win32_1.0.0.202111181127/tools/bin/../lib/gcc/arm-none-eabi/10.3.1/../../../../arm-none-eabi/lib/thumb/v7-m/nofp/crt0.o (exit)
c:/program files/stmicroelectronics/stm32cube/stm32cubeide_1.9.0/stm32cubeide/plugins/com.st.stm32cube.ide.mcu.externaltools.gnu-tools-for-stm32.10.3-2021.10.win32_1.0.0.202111181127/tools/bin/../lib/gcc/arm-none-eabi/10.3.1/../../../../arm-none-eabi/lib/thumb/v7-m/nofp\libc_nano.a(lib_a-impure.o)
                              c:/program files/stmicroelectronics/stm32cube/stm32cubeide_1.9.0/stm32cubeide/plugins/com.st.stm32cube.ide.mcu.externaltools.gnu-tools-for-stm32.10.3-2021.10.win32_1.0.0.202111181127/tools/bin/../lib/gcc/arm-none-eabi/10.3.1/../../../../arm-none-eabi/lib/thumb/v7-m/nofp\libc_nano.a(lib_a-exit.o) (_global_impure_ptr)
c:/program files/stmicroelectronics/stm32cube/stm32cubeide_1.9.0/stm32cubeide/plugins/com.st.stm32cube.ide.mcu.externaltools.gnu-tools-for-stm32.10.3-2021.10.win32_1.0.0.202111181127/tools/bin/../lib/gcc/arm-none-eabi/10.3.1/../../../../arm-none-eabi/lib/thumb/v7-m/nofp\libc_nano.a(lib_a-init.o)
                              c:/program files/stmicroelectronics/stm32cube/stm32cubeide_1.9.0/stm32cubeide/plugins/com.st.stm32cube.ide.mcu.externaltools.gnu-tools-for-stm32.10.3-2021.10.win32_1.0.0.202111181127/tools/bin/../lib/gcc/arm-none-eabi/10.3.1/../../../../arm-none-eabi/lib/thumb/v7-m/nofp/crt0.o (__libc_init_array)
c:/program files/stmicroelectronics/stm32cube/stm32cubeide_1.9.0/stm32cubeide/plugins/com.st.stm32cube.ide.mcu.externaltools.gnu-tools-for-stm32.10.3-2021.10.win32_1.0.0.202111181127/tools/bin/../lib/gcc/arm-none-eabi/10.3.1/../../../../arm-none-eabi/lib/thumb/v7-m/nofp\libc_nano.a(lib_a-memcpy-stub.o)
                              ./ThirdParty/ssd1306/ssd1306.o (memcpy)
c:/program files/stmicroelectronics/stm32cube/stm32cubeide_1.9.0/stm32cubeide/plugins/com.st.stm32cube.ide.mcu.externaltools.gnu-tools-for-stm32.10.3-2021.10.win32_1.0.0.202111181127/tools/bin/../lib/gcc/arm-none-eabi/10.3.1/../../../../arm-none-eabi/lib/thumb/v7-m/nofp\libc_nano.a(lib_a-memset.o)
                              c:/program files/stmicroelectronics/stm32cube/stm32cubeide_1.9.0/stm32cubeide/plugins/com.st.stm32cube.ide.mcu.externaltools.gnu-tools-for-stm32.10.3-2021.10.win32_1.0.0.202111181127/tools/bin/../lib/gcc/arm-none-eabi/10.3.1/../../../../arm-none-eabi/lib/thumb/v7-m/nofp/crt0.o (memset)
c:/program files/stmicroelectronics/stm32cube/stm32cubeide_1.9.0/stm32cubeide/plugins/com.st.stm32cube.ide.mcu.externaltools.gnu-tools-for-stm32.10.3-2021.10.win32_1.0.0.202111181127/tools/bin/../lib/gcc/arm-none-eabi/10.3.1/../../../../arm-none-eabi/lib/thumb/v7-m/nofp\libc_nano.a(lib_a-sprintf.o)
                              ./Core/Src/main.o (sprintf)
c:/program files/stmicroelectronics/stm32cube/stm32cubeide_1.9.0/stm32cubeide/plugins/com.st.stm32cube.ide.mcu.externaltools.gnu-tools-for-stm32.10.3-2021.10.win32_1.0.0.202111181127/tools/bin/../lib/gcc/arm-none-eabi/10.3.1/../../../../arm-none-eabi/lib/thumb/v7-m/nofp\libc_nano.a(lib_a-strlen.o)
                              ./Core/Src/main.o (strlen)
c:/program files/stmicroelectronics/stm32cube/stm32cubeide_1.9.0/stm32cubeide/plugins/com.st.stm32cube.ide.mcu.externaltools.gnu-tools-for-stm32.10.3-2021.10.win32_1.0.0.202111181127/tools/bin/../lib/gcc/arm-none-eabi/10.3.1/../../../../arm-none-eabi/lib/thumb/v7-m/nofp\libc_nano.a(lib_a-strtol.o)
[...]
Memory Configuration

Name             Origin             Length             Attributes
RAM              0x0000000020000000 0x0000000000002800 xrw
FLASH            0x0000000008000000 0x0000000000008000 xr
*default*        0x0000000000000000 0xffffffffffffffff

Linker script and memory map

LOAD c:/program files/stmicroelectronics/stm32cube/stm32cubeide_1.9.0/stm32cubeide/plugins/com.st.stm32cube.ide.mcu.externaltools.gnu-tools-for-stm32.10.3-2021.10.win32_1.0.0.202111181127/tools/bin/../lib/gcc/arm-none-eabi/10.3.1/thumb/v7-m/nofp/crti.o
LOAD c:/program files/stmicroelectronics/stm32cube/stm32cubeide_1.9.0/stm32cubeide/plugins/com.st.stm32cube.ide.mcu.externaltools.gnu-tools-for-stm32.10.3-2021.10.win32_1.0.0.202111181127/tools/bin/../lib/gcc/arm-none-eabi/10.3.1/thumb/v7-m/nofp/crtbegin.o
LOAD c:/program files/stmicroelectronics/stm32cube/stm32cubeide_1.9.0/stm32cubeide/plugins/com.st.stm32cube.ide.mcu.externaltools.gnu-tools-for-stm32.10.3-2021.10.win32_1.0.0.202111181127/tools/bin/../lib/gcc/arm-none-eabi/10.3.1/../../../../arm-none-eabi/lib/thumb/v7-m/nofp/crt0.o
LOAD ./Core/Src/main.o
LOAD ./Core/Src/stm32f1xx_hal_msp.o
LOAD ./Core/Src/stm32f1xx_it.o
LOAD ./Core/Src/syscalls.o
LOAD ./Core/Src/sysmem.o
LOAD ./Core/Src/system_stm32f1xx.o
LOAD ./Core/Startup/startup_stm32f103c6tx.o
LOAD ./Drivers/STM32F1xx_HAL_Driver/Src/stm32f1xx_hal.o
LOAD ./Drivers/STM32F1xx_HAL_Driver/Src/stm32f1xx_hal_cortex.o
LOAD ./Drivers/STM32F1xx_HAL_Driver/Src/stm32f1xx_hal_dma.o
LOAD ./Drivers/STM32F1xx_HAL_Driver/Src/stm32f1xx_hal_exti.o
LOAD ./Drivers/STM32F1xx_HAL_Driver/Src/stm32f1xx_hal_flash.o
LOAD ./Drivers/STM32F1xx_HAL_Driver/Src/stm32f1xx_hal_flash_ex.o
LOAD ./Drivers/STM32F1xx_HAL_Driver/Src/stm32f1xx_hal_gpio.o
LOAD ./Drivers/STM32F1xx_HAL_Driver/Src/stm32f1xx_hal_gpio_ex.o
LOAD ./Drivers/STM32F1xx_HAL_Driver/Src/stm32f1xx_hal_i2c.o
LOAD ./Drivers/STM32F1xx_HAL_Driver/Src/stm32f1xx_hal_pwr.o
LOAD ./Drivers/STM32F1xx_HAL_Driver/Src/stm32f1xx_hal_rcc.o
LOAD ./Drivers/STM32F1xx_HAL_Driver/Src/stm32f1xx_hal_rcc_ex.o
LOAD ./Drivers/STM32F1xx_HAL_Driver/Src/stm32f1xx_hal_tim.o
LOAD ./Drivers/STM32F1xx_HAL_Driver/Src/stm32f1xx_hal_tim_ex.o
LOAD ./ThirdParty/Si5351-lib/src/si5351.o
LOAD ./ThirdParty/ssd1306/ssd1306.o
LOAD ./ThirdParty/ssd1306/ssd1306_fonts.o
START GROUP
LOAD c:/program files/stmicroelectronics/stm32cube/stm32cubeide_1.9.0/stm32cubeide/plugins/com.st.stm32cube.ide.mcu.externaltools.gnu-tools-for-stm32.10.3-2021.10.win32_1.0.0.202111181127/tools/bin/../lib/gcc/arm-none-eabi/10.3.1/../../../../arm-none-eabi/lib/thumb/v7-m/nofp\libc_nano.a
LOAD c:/program files/stmicroelectronics/stm32cube/stm32cubeide_1.9.0/stm32cubeide/plugins/com.st.stm32cube.ide.mcu.externaltools.gnu-tools-for-stm32.10.3-2021.10.win32_1.0.0.202111181127/tools/bin/../lib/gcc/arm-none-eabi/10.3.1/../../../../arm-none-eabi/lib/thumb/v7-m/nofp\libm.a
END GROUP
START GROUP
LOAD c:/program files/stmicroelectronics/stm32cube/stm32cubeide_1.9.0/stm32cubeide/plugins/com.st.stm32cube.ide.mcu.externaltools.gnu-tools-for-stm32.10.3-2021.10.win32_1.0.0.202111181127/tools/bin/../lib/gcc/arm-none-eabi/10.3.1/thumb/v7-m/nofp\libgcc.a
LOAD c:/program files/stmicroelectronics/stm32cube/stm32cubeide_1.9.0/stm32cubeide/plugins/com.st.stm32cube.ide.mcu.externaltools.gnu-tools-for-stm32.10.3-2021.10.win32_1.0.0.202111181127/tools/bin/../lib/gcc/arm-none-eabi/10.3.1/../../../../arm-none-eabi/lib/thumb/v7-m/nofp\libc_nano.a
END GROUP
START GROUP
LOAD c:/program files/stmicroelectronics/stm32cube/stm32cubeide_1.9.0/stm32cubeide/plugins/com.st.stm32cube.ide.mcu.externaltools.gnu-tools-for-stm32.10.3-2021.10.win32_1.0.0.202111181127/tools/bin/../lib/gcc/arm-none-eabi/10.3.1/thumb/v7-m/nofp\libgcc.a
LOAD c:/program files/stmicroelectronics/stm32cube/stm32cubeide_1.9.0/stm32cubeide/plugins/com.st.stm32cube.ide.mcu.externaltools.gnu-tools-for-stm32.10.3-2021.10.win32_1.0.0.202111181127/tools/bin/../lib/gcc/arm-none-eabi/10.3.1/../../../../arm-none-eabi/lib/thumb/v7-m/nofp\libc_nano.a
LOAD c:/program files/stmicroelectronics/stm32cube/stm32cubeide_1.9.0/stm32cubeide/plugins/com.st.stm32cube.ide.mcu.externaltools.gnu-tools-for-stm32.10.3-2021.10.win32_1.0.0.202111181127/tools/bin/../lib/gcc/arm-none-eabi/10.3.1/../../../../arm-none-eabi/lib/thumb/v7-m/nofp\libnosys.a
END GROUP
START GROUP
LOAD c:/program files/stmicroelectronics/stm32cube/stm32cubeide_1.9.0/stm32cubeide/plugins/com.st.stm32cube.ide.mcu.externaltools.gnu-tools-for-stm32.10.3-2021.10.win32_1.0.0.202111181127/tools/bin/../lib/gcc/arm-none-eabi/10.3.1/thumb/v7-m/nofp\libgcc.a
LOAD c:/program files/stmicroelectronics/stm32cube/stm32cubeide_1.9.0/stm32cubeide/plugins/com.st.stm32cube.ide.mcu.externaltools.gnu-tools-for-stm32.10.3-2021.10.win32_1.0.0.202111181127/tools/bin/../lib/gcc/arm-none-eabi/10.3.1/../../../../arm-none-eabi/lib/thumb/v7-m/nofp\libc_nano.a
LOAD c:/program files/stmicroelectronics/stm32cube/stm32cubeide_1.9.0/stm32cubeide/plugins/com.st.stm32cube.ide.mcu.externaltools.gnu-tools-for-stm32.10.3-2021.10.win32_1.0.0.202111181127/tools/bin/../lib/gcc/arm-none-eabi/10.3.1/../../../../arm-none-eabi/lib/thumb/v7-m/nofp\libnosys.a
END GROUP
LOAD c:/program files/stmicroelectronics/stm32cube/stm32cubeide_1.9.0/stm32cubeide/plugins/com.st.stm32cube.ide.mcu.externaltools.gnu-tools-for-stm32.10.3-2021.10.win32_1.0.0.202111181127/tools/bin/../lib/gcc/arm-none-eabi/10.3.1/thumb/v7-m/nofp/crtend.o
LOAD c:/program files/stmicroelectronics/stm32cube/stm32cubeide_1.9.0/stm32cubeide/plugins/com.st.stm32cube.ide.mcu.externaltools.gnu-tools-for-stm32.10.3-2021.10.win32_1.0.0.202111181127/tools/bin/../lib/gcc/arm-none-eabi/10.3.1/thumb/v7-m/nofp/crtn.o
                0x0000000020002800                _estack = (ORIGIN (RAM) + LENGTH (RAM))
                0x0000000000000200                _Min_Heap_Size = 0x200
                0x0000000000000400                _Min_Stack_Size = 0x400

.isr_vector     0x0000000008000000      0x10c
                0x0000000008000000                . = ALIGN (0x4)
 *(.isr_vector)
 .isr_vector    0x0000000008000000      0x10c ./Core/Startup/startup_stm32f103c6tx.o
                0x0000000008000000                g_pfnVectors
                0x000000000800010c                . = ALIGN (0x4)

.text           0x0000000008000110     0x5970
                0x0000000008000110                . = ALIGN (0x4)
 *(.text)
 .text          0x0000000008000110       0x40 c:/program files/stmicroelectronics/stm32cube/stm32cubeide_1.9.0/stm32cubeide/plugins/com.st.stm32cube.ide.mcu.externaltools.gnu-tools-for-stm32.10.3-2021.10.win32_1.0.0.202111181127/tools/bin/../lib/gcc/arm-none-eabi/10.3.1/thumb/v7-m/nofp/crtbegin.o
 .text          0x0000000008000150       0x10 c:/program files/stmicroelectronics/stm32cube/stm32cubeide_1.9.0/stm32cubeide/plugins/com.st.stm32cube.ide.mcu.externaltools.gnu-tools-for-stm32.10.3-2021.10.win32_1.0.0.202111181127/tools/bin/../lib/gcc/arm-none-eabi/10.3.1/../../../../arm-none-eabi/lib/thumb/v7-m/nofp\libc_nano.a(lib_a-strlen.o)
                0x0000000008000150                strlen
 .text          0x0000000008000160      0x21c c:/program files/stmicroelectronics/stm32cube/stm32cubeide_1.9.0/stm32cubeide/plugins/com.st.stm32cube.ide.mcu.externaltools.gnu-tools-for-stm32.10.3-2021.10.win32_1.0.0.202111181127/tools/bin/../lib/gcc/arm-none-eabi/10.3.1/thumb/v7-m/nofp\libgcc.a(_arm_addsubsf3.o)
                0x0000000008000160                __aeabi_frsub
                0x0000000008000168                __subsf3
                0x0000000008000168                __aeabi_fsub
                0x000000000800016c                __aeabi_fadd
                0x000000000800016c                __addsf3
                0x00000000080002cc                __aeabi_ui2f
                0x00000000080002cc                __floatunsisf
                0x00000000080002d4                __aeabi_i2f
                0x00000000080002d4                __floatsisf
                0x00000000080002f0                __aeabi_ul2f
                0x00000000080002f0                __floatundisf
                0x0000000008000300                __aeabi_l2f
                0x0000000008000300                __floatdisf
 .text          0x000000000800037c      0x2a0 c:/program files/stmicroelectronics/stm32cube/stm32cubeide_1.9.0/stm32cubeide/plugins/com.st.stm32cube.ide.mcu.externaltools.gnu-tools-for-stm32.10.3-2021.10.win32_1.0.0.202111181127/tools/bin/../lib/gcc/arm-none-eabi/10.3.1/thumb/v7-m/nofp\libgcc.a(_arm_muldivsf3.o)
                0x000000000800037c                __mulsf3
                0x000000000800037c                __aeabi_fmul
                0x00000000080004e4                __aeabi_fdiv
                0x00000000080004e4                __divsf3
 .text          0x000000000800061c       0x40 c:/program files/stmicroelectronics/stm32cube/stm32cubeide_1.9.0/stm32cubeide/plugins/com.st.stm32cube.ide.mcu.externaltools.gnu-tools-for-stm32.10.3-2021.10.win32_1.0.0.202111181127/tools/bin/../lib/gcc/arm-none-eabi/10.3.1/thumb/v7-m/nofp\libgcc.a(_arm_fixunssfsi.o)
                0x000000000800061c                __fixunssfsi
                0x000000000800061c                __aeabi_f2uiz
 .text          0x000000000800065c       0x30 c:/program files/stmicroelectronics/stm32cube/stm32cubeide_1.9.0/stm32cubeide/plugins/com.st.stm32cube.ide.mcu.externaltools.gnu-tools-for-stm32.10.3-2021.10.win32_1.0.0.202111181127/tools/bin/../lib/gcc/arm-none-eabi/10.3.1/thumb/v7-m/nofp\libgcc.a(_aeabi_uldivmod.o)
                0x000000000800065c                __aeabi_uldivmod
 .text          0x000000000800068c      0x2d4 c:/program files/stmicroelectronics/stm32cube/stm32cubeide_1.9.0/stm32cubeide/plugins/com.st.stm32cube.ide.mcu.externaltools.gnu-tools-for-stm32.10.3-2021.10.win32_1.0.0.202111181127/tools/bin/../lib/gcc/arm-none-eabi/10.3.1/thumb/v7-m/nofp\libgcc.a(_udivmoddi4.o)
                0x000000000800068c                __udivmoddi4
 .text          0x0000000008000960        0x4 c:/program files/stmicroelectronics/stm32cube/stm32cubeide_1.9.0/stm32cubeide/plugins/com.st.stm32cube.ide.mcu.externaltools.gnu-tools-for-stm32.10.3-2021.10.win32_1.0.0.202111181127/tools/bin/../lib/gcc/arm-none-eabi/10.3.1/thumb/v7-m/nofp\libgcc.a(_dvmd_tls.o)
                0x0000000008000960                __aeabi_idiv0
                0x0000000008000960                __aeabi_ldiv0
 *(.text*)
 .text.SetFrequency
                0x0000000008000964      0x21c ./Core/Src/main.o
                0x0000000008000964                SetFrequency
 .text.SelectOsc
                0x0000000008000b80       0x84 ./Core/Src/main.o
                0x0000000008000b80                SelectOsc
 .text.ShowCurrentOscConfig
                0x0000000008000c04      0x104 ./Core/Src/main.o
                0x0000000008000c04                ShowCurrentOscConfig
 .text.DebounceButton
                0x0000000008000d08       0x48 ./Core/Src/main.o
                0x0000000008000d08                DebounceButton
 .text.IncrementChar
                0x0000000008000d50       0x5c ./Core/Src/main.o
                0x0000000008000d50                IncrementChar
 .text.DecrementChar
                0x0000000008000dac       0x5c ./Core/Src/main.o
                0x0000000008000dac                DecrementChar
 .text.SelectChar
                0x0000000008000e08       0x58 ./Core/Src/main.o
                0x0000000008000e08                SelectChar
 .text.ShowEditOscConfig
                0x0000000008000e60       0xd4 ./Core/Src/main.o
                0x0000000008000e60                ShowEditOscConfig
 .text.main     0x0000000008000f34      0x17c ./Core/Src/main.o
                0x0000000008000f34                main
 .text.SystemClock_Config
                0x00000000080010b0       0x8a ./Core/Src/main.o
                0x00000000080010b0                SystemClock_Config
 *fill*         0x000000000800113a        0x2 
 .text.MX_I2C1_Init
                0x000000000800113c       0x5c ./Core/Src/main.o
 .text.MX_GPIO_Init
                0x0000000008001198      0x114 ./Core/Src/main.o
 .text.MX_SI_Init
                0x00000000080012ac       0x98 ./Core/Src/main.o
 .text.MX_SCR_Init
                0x0000000008001344       0x10 ./Core/Src/main.o
 .text.Error_Handler
                0x0000000008001354        0xa ./Core/Src/main.o
                0x0000000008001354                Error_Handler
 *fill*         0x000000000800135e        0x2 
 .text.HAL_MspInit
                0x0000000008001360       0x64 ./Core/Src/stm32f1xx_hal_msp.o
                0x0000000008001360                HAL_MspInit
 .text.HAL_I2C_MspInit
                0x00000000080013c4       0x80 ./Core/Src/stm32f1xx_hal_msp.o
                0x00000000080013c4                HAL_I2C_MspInit
 .text.NMI_Handler
                0x0000000008001444        0x6 ./Core/Src/stm32f1xx_it.o
                0x0000000008001444                NMI_Handler
 .text.HardFault_Handler
                0x000000000800144a        0x6 ./Core/Src/stm32f1xx_it.o
                0x000000000800144a                HardFault_Handler
 .text.MemManage_Handler
                0x0000000008001450        0x6 ./Core/Src/stm32f1xx_it.o
                0x0000000008001450                MemManage_Handler
 .text.BusFault_Handler
                0x0000000008001456        0x6 ./Core/Src/stm32f1xx_it.o
                0x0000000008001456                BusFault_Handler
 .text.UsageFault_Handler
                0x000000000800145c        0x6 ./Core/Src/stm32f1xx_it.o
                0x000000000800145c                UsageFault_Handler
 .text.SVC_Handler
                0x0000000008001462        0xc ./Core/Src/stm32f1xx_it.o
                0x0000000008001462                SVC_Handler
 .text.DebugMon_Handler
                0x000000000800146e        0xc ./Core/Src/stm32f1xx_it.o
                0x000000000800146e                DebugMon_Handler
 .text.PendSV_Handler
                0x000000000800147a        0xc ./Core/Src/stm32f1xx_it.o
                0x000000000800147a                PendSV_Handler
 .text.SysTick_Handler
                0x0000000008001486        0xc ./Core/Src/stm32f1xx_it.o
                0x0000000008001486                SysTick_Handler
 *fill*         0x0000000008001492        0x2 
 .text._sbrk    0x0000000008001494       0x6c ./Core/Src/sysmem.o
                0x0000000008001494                _sbrk
 .text.SystemInit
                0x0000000008001500        0xc ./Core/Src/system_stm32f1xx.o
                0x0000000008001500                SystemInit
 .text.Reset_Handler
                0x000000000800150c       0x48 ./Core/Startup/startup_stm32f103c6tx.o
                0x000000000800150c                Reset_Handler
 .text.Default_Handler
                0x0000000008001554        0x2 ./Core/Startup/startup_stm32f103c6tx.o
                0x0000000008001554                RTC_Alarm_IRQHandler
                0x0000000008001554                EXTI2_IRQHandler
                0x0000000008001554                TIM1_CC_IRQHandler
                0x0000000008001554                PVD_IRQHandler
                0x0000000008001554                EXTI3_IRQHandler
                0x0000000008001554                EXTI0_IRQHandler
                0x0000000008001554                ADC1_2_IRQHandler
                0x0000000008001554                SPI1_IRQHandler
                0x0000000008001554                TAMPER_IRQHandler
                0x0000000008001554                DMA1_Channel4_IRQHandler
                0x0000000008001554                RTC_IRQHandler
                0x0000000008001554                DMA1_Channel7_IRQHandler
                0x0000000008001554                CAN1_RX1_IRQHandler
                0x0000000008001554                I2C1_EV_IRQHandler
                0x0000000008001554                DMA1_Channel6_IRQHandler
                0x0000000008001554                TIM3_IRQHandler
                0x0000000008001554                RCC_IRQHandler
                0x0000000008001554                TIM1_TRG_COM_IRQHandler
                0x0000000008001554                DMA1_Channel1_IRQHandler
                0x0000000008001554                Default_Handler
                0x0000000008001554                EXTI15_10_IRQHandler
                0x0000000008001554                EXTI9_5_IRQHandler
                0x0000000008001554                DMA1_Channel5_IRQHandler
                0x0000000008001554                EXTI4_IRQHandler
                0x0000000008001554                USB_LP_CAN1_RX0_IRQHandler
                0x0000000008001554                USB_HP_CAN1_TX_IRQHandler
                0x0000000008001554                DMA1_Channel3_IRQHandler
                0x0000000008001554                TIM1_UP_IRQHandler
                0x0000000008001554                WWDG_IRQHandler
                0x0000000008001554                TIM2_IRQHandler
                0x0000000008001554                TIM1_BRK_IRQHandler
                0x0000000008001554                EXTI1_IRQHandler
                0x0000000008001554                USART2_IRQHandler
                0x0000000008001554                DMA1_Channel2_IRQHandler
                0x0000000008001554                CAN1_SCE_IRQHandler
                0x0000000008001554                FLASH_IRQHandler
                0x0000000008001554                USART1_IRQHandler
                0x0000000008001554                I2C1_ER_IRQHandler
                0x0000000008001554                USBWakeUp_IRQHandler
 *fill*         0x0000000008001556        0x2 
 .text.HAL_Init
                0x0000000008001558       0x2c ./Drivers/STM32F1xx_HAL_Driver/Src/stm32f1xx_hal.o
                0x0000000008001558                HAL_Init
 .text.HAL_InitTick
                0x0000000008001584       0x60 ./Drivers/STM32F1xx_HAL_Driver/Src/stm32f1xx_hal.o
                0x0000000008001584                HAL_InitTick
 .text.HAL_IncTick
                0x00000000080015e4       0x24 ./Drivers/STM32F1xx_HAL_Driver/Src/stm32f1xx_hal.o
                0x00000000080015e4                HAL_IncTick
 .text.HAL_GetTick
                0x0000000008001608       0x14 ./Drivers/STM32F1xx_HAL_Driver/Src/stm32f1xx_hal.o
                0x0000000008001608                HAL_GetTick
 .text.HAL_Delay
                0x000000000800161c       0x48 ./Drivers/STM32F1xx_HAL_Driver/Src/stm32f1xx_hal.o
                0x000000000800161c                HAL_Delay
 .text.__NVIC_SetPriorityGrouping
                0x0000000008001664       0x48 ./Drivers/STM32F1xx_HAL_Driver/Src/stm32f1xx_hal_cortex.o
 .text.__NVIC_GetPriorityGrouping
                0x00000000080016ac       0x1c ./Drivers/STM32F1xx_HAL_Driver/Src/stm32f1xx_hal_cortex.o
 .text.__NVIC_SetPriority
                0x00000000080016c8       0x54 ./Drivers/STM32F1xx_HAL_Driver/Src/stm32f1xx_hal_cortex.o
 .text.NVIC_EncodePriority
                0x000000000800171c       0x64 ./Drivers/STM32F1xx_HAL_Driver/Src/stm32f1xx_hal_cortex.o
 .text.SysTick_Config
                0x0000000008001780       0x44 ./Drivers/STM32F1xx_HAL_Driver/Src/stm32f1xx_hal_cortex.o
 .text.HAL_NVIC_SetPriorityGrouping
                0x00000000080017c4       0x16 ./Drivers/STM32F1xx_HAL_Driver/Src/stm32f1xx_hal_cortex.o
                0x00000000080017c4                HAL_NVIC_SetPriorityGrouping
 .text.HAL_NVIC_SetPriority
                0x00000000080017da       0x38 ./Drivers/STM32F1xx_HAL_Driver/Src/stm32f1xx_hal_cortex.o
                0x00000000080017da                HAL_NVIC_SetPriority
 .text.HAL_SYSTICK_Config
                0x0000000008001812       0x18 ./Drivers/STM32F1xx_HAL_Driver/Src/stm32f1xx_hal_cortex.o
                0x0000000008001812                HAL_SYSTICK_Config
 *fill*         0x000000000800182a        0x2 
 .text.HAL_GPIO_Init
                0x000000000800182c      0x2f8 ./Drivers/STM32F1xx_HAL_Driver/Src/stm32f1xx_hal_gpio.o
                0x000000000800182c                HAL_GPIO_Init
 .text.HAL_GPIO_ReadPin
                0x0000000008001b24       0x2e ./Drivers/STM32F1xx_HAL_Driver/Src/stm32f1xx_hal_gpio.o
                0x0000000008001b24                HAL_GPIO_ReadPin
 .text.HAL_GPIO_WritePin
                0x0000000008001b52       0x30 ./Drivers/STM32F1xx_HAL_Driver/Src/stm32f1xx_hal_gpio.o
                0x0000000008001b52                HAL_GPIO_WritePin
 .text.HAL_GPIO_TogglePin
                0x0000000008001b82       0x32 ./Drivers/STM32F1xx_HAL_Driver/Src/stm32f1xx_hal_gpio.o
                0x0000000008001b82                HAL_GPIO_TogglePin
 .text.HAL_I2C_Init
                0x0000000008001bb4      0x288 ./Drivers/STM32F1xx_HAL_Driver/Src/stm32f1xx_hal_i2c.o
                0x0000000008001bb4                HAL_I2C_Init
 .text.HAL_I2C_Mem_Write
                0x0000000008001e3c      0x1f4 ./Drivers/STM32F1xx_HAL_Driver/Src/stm32f1xx_hal_i2c.o
                0x0000000008001e3c                HAL_I2C_Mem_Write
 .text.HAL_I2C_Mem_Read
                0x0000000008002030      0x4d0 ./Drivers/STM32F1xx_HAL_Driver/Src/stm32f1xx_hal_i2c.o
                0x0000000008002030                HAL_I2C_Mem_Read
 .text.I2C_RequestMemoryWrite
                0x0000000008002500      0x12c ./Drivers/STM32F1xx_HAL_Driver/Src/stm32f1xx_hal_i2c.o
 .text.I2C_RequestMemoryRead
                0x000000000800262c      0x1d0 ./Drivers/STM32F1xx_HAL_Driver/Src/stm32f1xx_hal_i2c.o
 .text.I2C_WaitOnFlagUntilTimeout
                0x00000000080027fc       0xae ./Drivers/STM32F1xx_HAL_Driver/Src/stm32f1xx_hal_i2c.o
 .text.I2C_WaitOnMasterAddressFlagUntilTimeout
                0x00000000080028aa       0xfe ./Drivers/STM32F1xx_HAL_Driver/Src/stm32f1xx_hal_i2c.o
 .text.I2C_WaitOnTXEFlagUntilTimeout
                0x00000000080029a8       0x82 ./Drivers/STM32F1xx_HAL_Driver/Src/stm32f1xx_hal_i2c.o
 .text.I2C_WaitOnBTFFlagUntilTimeout
                0x0000000008002a2a       0x82 ./Drivers/STM32F1xx_HAL_Driver/Src/stm32f1xx_hal_i2c.o
 .text.I2C_WaitOnRXNEFlagUntilTimeout
                0x0000000008002aac       0xac ./Drivers/STM32F1xx_HAL_Driver/Src/stm32f1xx_hal_i2c.o
 .text.I2C_IsAcknowledgeFailed
                0x0000000008002b58       0x5c ./Drivers/STM32F1xx_HAL_Driver/Src/stm32f1xx_hal_i2c.o
 .text.HAL_RCC_OscConfig
                0x0000000008002bb4      0x504 ./Drivers/STM32F1xx_HAL_Driver/Src/stm32f1xx_hal_rcc.o
                0x0000000008002bb4                HAL_RCC_OscConfig
 .text.HAL_RCC_ClockConfig
                0x00000000080030b8      0x1d4 ./Drivers/STM32F1xx_HAL_Driver/Src/stm32f1xx_hal_rcc.o
                0x00000000080030b8                HAL_RCC_ClockConfig
 .text.HAL_RCC_GetSysClockFreq
                0x000000000800328c       0xbc ./Drivers/STM32F1xx_HAL_Driver/Src/stm32f1xx_hal_rcc.o
                0x000000000800328c                HAL_RCC_GetSysClockFreq
 .text.HAL_RCC_GetHCLKFreq
                0x0000000008003348       0x14 ./Drivers/STM32F1xx_HAL_Driver/Src/stm32f1xx_hal_rcc.o
                0x0000000008003348                HAL_RCC_GetHCLKFreq
 .text.HAL_RCC_GetPCLK1Freq
                0x000000000800335c       0x28 ./Drivers/STM32F1xx_HAL_Driver/Src/stm32f1xx_hal_rcc.o
                0x000000000800335c                HAL_RCC_GetPCLK1Freq
 .text.RCC_Delay
                0x0000000008003384       0x3c ./Drivers/STM32F1xx_HAL_Driver/Src/stm32f1xx_hal_rcc.o
 .text.Si5351_WriteRegister
                0x00000000080033c0       0x44 ./ThirdParty/Si5351-lib/src/si5351.o
                0x00000000080033c0                Si5351_WriteRegister
 .text.Si5351_ReadRegister
                0x0000000008003404       0x4c ./ThirdParty/Si5351-lib/src/si5351.o
                0x0000000008003404                Si5351_ReadRegister
 .text.Si5351_StructInit
                0x0000000008003450      0x1e0 ./ThirdParty/Si5351-lib/src/si5351.o
                0x0000000008003450                Si5351_StructInit
 .text.Si5351_OSCConfig
                0x0000000008003630      0x27c ./ThirdParty/Si5351-lib/src/si5351.o
                0x0000000008003630                Si5351_OSCConfig
 .text.Si5351_CheckStatusBit
                0x00000000080038ac       0x2a ./ThirdParty/Si5351-lib/src/si5351.o
                0x00000000080038ac                Si5351_CheckStatusBit
 .text.Si5351_InterruptConfig
                0x00000000080038d6       0xa0 ./ThirdParty/Si5351-lib/src/si5351.o
                0x00000000080038d6                Si5351_InterruptConfig
 .text.Si5351_ClearStickyBit
                0x0000000008003976       0x3e ./ThirdParty/Si5351-lib/src/si5351.o
                0x0000000008003976                Si5351_ClearStickyBit
 .text.Si5351_PLLConfig
                0x00000000080039b4      0x28e ./ThirdParty/Si5351-lib/src/si5351.o
                0x00000000080039b4                Si5351_PLLConfig
 .text.Si5351_PLLReset
                0x0000000008003c42       0x44 ./ThirdParty/Si5351-lib/src/si5351.o
                0x0000000008003c42                Si5351_PLLReset
 *fill*         0x0000000008003c86        0x2 
 .text.Si5351_SSConfig
                0x0000000008003c88      0x634 ./ThirdParty/Si5351-lib/src/si5351.o
                0x0000000008003c88                Si5351_SSConfig
 .text.Si5351_MSConfig
                0x00000000080042bc      0x3c0 ./ThirdParty/Si5351-lib/src/si5351.o
                0x00000000080042bc                Si5351_MSConfig
 .text.Si5351_CLKPowerCmd
                0x000000000800467c      0x1d6 ./ThirdParty/Si5351-lib/src/si5351.o
                0x000000000800467c                Si5351_CLKPowerCmd
 .text.Si5351_CLKConfig
                0x0000000008004852      0x1ce ./ThirdParty/Si5351-lib/src/si5351.o
                0x0000000008004852                Si5351_CLKConfig
 .text.Si5351_Init
                0x0000000008004a20      0x150 ./ThirdParty/Si5351-lib/src/si5351.o
                0x0000000008004a20                Si5351_Init
 .text.ssd1306_Reset
                0x0000000008004b70       0x30 ./ThirdParty/ssd1306/ssd1306.o
                0x0000000008004b70                ssd1306_Reset
 .text.ssd1306_WriteCommand
                0x0000000008004ba0       0x30 ./ThirdParty/ssd1306/ssd1306.o
                0x0000000008004ba0                ssd1306_WriteCommand
 .text.ssd1306_WriteData
                0x0000000008004bd0       0x34 ./ThirdParty/ssd1306/ssd1306.o
                0x0000000008004bd0                ssd1306_WriteData
 .text.ssd1306_Init
                0x0000000008004c04       0xd0 ./ThirdParty/ssd1306/ssd1306.o
                0x0000000008004c04                ssd1306_Init
 .text.ssd1306_Fill
                0x0000000008004cd4       0x44 ./ThirdParty/ssd1306/ssd1306.o
                0x0000000008004cd4                ssd1306_Fill
 .text.ssd1306_UpdateScreen
                0x0000000008004d18       0x50 ./ThirdParty/ssd1306/ssd1306.o
                0x0000000008004d18                ssd1306_UpdateScreen
 .text.ssd1306_DrawPixel
                0x0000000008004d68       0xa4 ./ThirdParty/ssd1306/ssd1306.o
                0x0000000008004d68                ssd1306_DrawPixel
 .text.ssd1306_WriteChar
                0x0000000008004e0c      0x110 ./ThirdParty/ssd1306/ssd1306.o
                0x0000000008004e0c                ssd1306_WriteChar
 .text.ssd1306_WriteString
                0x0000000008004f1c       0x4c ./ThirdParty/ssd1306/ssd1306.o
                0x0000000008004f1c                ssd1306_WriteString
 .text.ssd1306_SetCursor
                0x0000000008004f68       0x30 ./ThirdParty/ssd1306/ssd1306.o
                0x0000000008004f68                ssd1306_SetCursor
 .text.ssd1306_SetContrast
                0x0000000008004f98       0x26 ./ThirdParty/ssd1306/ssd1306.o
                0x0000000008004f98                ssd1306_SetContrast
 *fill*         0x0000000008004fbe        0x2 
 .text.ssd1306_SetDisplayOn
                0x0000000008004fc0       0x3c ./ThirdParty/ssd1306/ssd1306.o
                0x0000000008004fc0                ssd1306_SetDisplayOn
 .text.atol     0x0000000008004ffc        0x8 c:/program files/stmicroelectronics/stm32cube/stm32cubeide_1.9.0/stm32cubeide/plugins/com.st.stm32cube.ide.mcu.externaltools.gnu-tools-for-stm32.10.3-2021.10.win32_1.0.0.202111181127/tools/bin/../lib/gcc/arm-none-eabi/10.3.1/../../../../arm-none-eabi/lib/thumb/v7-m/nofp\libc_nano.a(lib_a-atol.o)
                0x0000000008004ffc                atol
 .text.__errno  0x0000000008005004        0xc c:/program files/stmicroelectronics/stm32cube/stm32cubeide_1.9.0/stm32cubeide/plugins/com.st.stm32cube.ide.mcu.externaltools.gnu-tools-for-stm32.10.3-2021.10.win32_1.0.0.202111181127/tools/bin/../lib/gcc/arm-none-eabi/10.3.1/../../../../arm-none-eabi/lib/thumb/v7-m/nofp\libc_nano.a(lib_a-errno.o)
                0x0000000008005004                __errno
 .text.__libc_init_array
                0x0000000008005010       0x48 c:/program files/stmicroelectronics/stm32cube/stm32cubeide_1.9.0/stm32cubeide/plugins/com.st.stm32cube.ide.mcu.externaltools.gnu-tools-for-stm32.10.3-2021.10.win32_1.0.0.202111181127/tools/bin/../lib/gcc/arm-none-eabi/10.3.1/../../../../arm-none-eabi/lib/thumb/v7-m/nofp\libc_nano.a(lib_a-init.o)
                0x0000000008005010                __libc_init_array
 .text.memcpy   0x0000000008005058       0x1c c:/program files/stmicroelectronics/stm32cube/stm32cubeide_1.9.0/stm32cubeide/plugins/com.st.stm32cube.ide.mcu.externaltools.gnu-tools-for-stm32.10.3-2021.10.win32_1.0.0.202111181127/tools/bin/../lib/gcc/arm-none-eabi/10.3.1/../../../../arm-none-eabi/lib/thumb/v7-m/nofp\libc_nano.a(lib_a-memcpy-stub.o)
                0x0000000008005058                memcpy
 .text.memset   0x0000000008005074       0x10 c:/program files/stmicroelectronics/stm32cube/stm32cubeide_1.9.0/stm32cubeide/plugins/com.st.stm32cube.ide.mcu.externaltools.gnu-tools-for-stm32.10.3-2021.10.win32_1.0.0.202111181127/tools/bin/../lib/gcc/arm-none-eabi/10.3.1/../../../../arm-none-eabi/lib/thumb/v7-m/nofp\libc_nano.a(lib_a-memset.o)
                0x0000000008005074                memset
 .text.sprintf  0x0000000008005084       0x40 c:/program files/stmicroelectronics/stm32cube/stm32cubeide_1.9.0/stm32cubeide/plugins/com.st.stm32cube.ide.mcu.externaltools.gnu-tools-for-stm32.10.3-2021.10.win32_1.0.0.202111181127/tools/bin/../lib/gcc/arm-none-eabi/10.3.1/../../../../arm-none-eabi/lib/thumb/v7-m/nofp\libc_nano.a(lib_a-sprintf.o)
                0x0000000008005084                siprintf
                0x0000000008005084                sprintf
 .text._strtol_l.constprop.0
                0x00000000080050c4       0xf8 c:/program files/stmicroelectronics/stm32cube/stm32cubeide_1.9.0/stm32cubeide/plugins/com.st.stm32cube.ide.mcu.externaltools.gnu-tools-for-stm32.10.3-2021.10.win32_1.0.0.202111181127/tools/bin/../lib/gcc/arm-none-eabi/10.3.1/../../../../arm-none-eabi/lib/thumb/v7-m/nofp\libc_nano.a(lib_a-strtol.o)
 .text.strtol   0x00000000080051bc       0x14 c:/program files/stmicroelectronics/stm32cube/stm32cubeide_1.9.0/stm32cubeide/plugins/com.st.stm32cube.ide.mcu.externaltools.gnu-tools-for-stm32.10.3-2021.10.win32_1.0.0.202111181127/tools/bin/../lib/gcc/arm-none-eabi/10.3.1/../../../../arm-none-eabi/lib/thumb/v7-m/nofp\libc_nano.a(lib_a-strtol.o)
                0x00000000080051bc                strtol
 .text.__ssputs_r
                0x00000000080051d0       0xb6 c:/program files/stmicroelectronics/stm32cube/stm32cubeide_1.9.0/stm32cubeide/plugins/com.st.stm32cube.ide.mcu.externaltools.gnu-tools-for-stm32.10.3-2021.10.win32_1.0.0.202111181127/tools/bin/../lib/gcc/arm-none-eabi/10.3.1/../../../../arm-none-eabi/lib/thumb/v7-m/nofp\libc_nano.a(lib_a-nano-svfprintf.o)
                0x00000000080051d0                __ssputs_r
 *fill*         0x0000000008005286        0x2 
 .text._svfprintf_r
                0x0000000008005288      0x200 c:/program files/stmicroelectronics/stm32cube/stm32cubeide_1.9.0/stm32cubeide/plugins/com.st.stm32cube.ide.mcu.externaltools.gnu-tools-for-stm32.10.3-2021.10.win32_1.0.0.202111181127/tools/bin/../lib/gcc/arm-none-eabi/10.3.1/../../../../arm-none-eabi/lib/thumb/v7-m/nofp\libc_nano.a(lib_a-nano-svfprintf.o)
                0x0000000008005288                _svfiprintf_r
                0x0000000008005288                _svfprintf_r
 .text._printf_common
                0x0000000008005488       0xde c:/program files/stmicroelectronics/stm32cube/stm32cubeide_1.9.0/stm32cubeide/plugins/com.st.stm32cube.ide.mcu.externaltools.gnu-tools-for-stm32.10.3-2021.10.win32_1.0.0.202111181127/tools/bin/../lib/gcc/arm-none-eabi/10.3.1/../../../../arm-none-eabi/lib/thumb/v7-m/nofp\libc_nano.a(lib_a-nano-vfprintf_i.o)
                0x0000000008005488                _printf_common
 *fill*         0x0000000008005566        0x2 
 .text._printf_i
                0x0000000008005568      0x24c c:/program files/stmicroelectronics/stm32cube/stm32cubeide_1.9.0/stm32cubeide/plugins/com.st.stm32cube.ide.mcu.externaltools.gnu-tools-for-stm32.10.3-2021.10.win32_1.0.0.202111181127/tools/bin/../lib/gcc/arm-none-eabi/10.3.1/../../../../arm-none-eabi/lib/thumb/v7-m/nofp\libc_nano.a(lib_a-nano-vfprintf_i.o)
                0x0000000008005568                _printf_i
 .text.memchr   0x00000000080057b4       0x1c c:/program files/stmicroelectronics/stm32cube/stm32cubeide_1.9.0/stm32cubeide/plugins/com.st.stm32cube.ide.mcu.externaltools.gnu-tools-for-stm32.10.3-2021.10.win32_1.0.0.202111181127/tools/bin/../lib/gcc/arm-none-eabi/10.3.1/../../../../arm-none-eabi/lib/thumb/v7-m/nofp\libc_nano.a(lib_a-memchr-stub.o)
                0x00000000080057b4                memchr
 .text.memmove  0x00000000080057d0       0x34 c:/program files/stmicroelectronics/stm32cube/stm32cubeide_1.9.0/stm32cubeide/plugins/com.st.stm32cube.ide.mcu.externaltools.gnu-tools-for-stm32.10.3-2021.10.win32_1.0.0.202111181127/tools/bin/../lib/gcc/arm-none-eabi/10.3.1/../../../../arm-none-eabi/lib/thumb/v7-m/nofp\libc_nano.a(lib_a-memmove.o)
                0x00000000080057d0                memmove
 .text._free_r  0x0000000008005804       0x90 c:/program files/stmicroelectronics/stm32cube/stm32cubeide_1.9.0/stm32cubeide/plugins/com.st.stm32cube.ide.mcu.externaltools.gnu-tools-for-stm32.10.3-2021.10.win32_1.0.0.202111181127/tools/bin/../lib/gcc/arm-none-eabi/10.3.1/../../../../arm-none-eabi/lib/thumb/v7-m/nofp\libc_nano.a(lib_a-nano-freer.o)
                0x0000000008005804                _free_r
 .text.sbrk_aligned
                0x0000000008005894       0x40 c:/program files/stmicroelectronics/stm32cube/stm32cubeide_1.9.0/stm32cubeide/plugins/com.st.stm32cube.ide.mcu.externaltools.gnu-tools-for-stm32.10.3-2021.10.win32_1.0.0.202111181127/tools/bin/../lib/gcc/arm-none-eabi/10.3.1/../../../../arm-none-eabi/lib/thumb/v7-m/nofp\libc_nano.a(lib_a-nano-mallocr.o)
 .text._malloc_r
                0x00000000080058d4       0xe8 c:/program files/stmicroelectronics/stm32cube/stm32cubeide_1.9.0/stm32cubeide/plugins/com.st.stm32cube.ide.mcu.externaltools.gnu-tools-for-stm32.10.3-2021.10.win32_1.0.0.202111181127/tools/bin/../lib/gcc/arm-none-eabi/10.3.1/../../../../arm-none-eabi/lib/thumb/v7-m/nofp\libc_nano.a(lib_a-nano-mallocr.o)
                0x00000000080058d4                _malloc_r
 .text._realloc_r
                0x00000000080059bc       0x5e c:/program files/stmicroelectronics/stm32cube/stm32cubeide_1.9.0/stm32cubeide/plugins/com.st.stm32cube.ide.mcu.externaltools.gnu-tools-for-stm32.10.3-2021.10.win32_1.0.0.202111181127/tools/bin/../lib/gcc/arm-none-eabi/10.3.1/../../../../arm-none-eabi/lib/thumb/v7-m/nofp\libc_nano.a(lib_a-nano-reallocr.o)
                0x00000000080059bc                _realloc_r
 *fill*         0x0000000008005a1a        0x2 
 .text._sbrk_r  0x0000000008005a1c       0x20 c:/program files/stmicroelectronics/stm32cube/stm32cubeide_1.9.0/stm32cubeide/plugins/com.st.stm32cube.ide.mcu.externaltools.gnu-tools-for-stm32.10.3-2021.10.win32_1.0.0.202111181127/tools/bin/../lib/gcc/arm-none-eabi/10.3.1/../../../../arm-none-eabi/lib/thumb/v7-m/nofp\libc_nano.a(lib_a-sbrkr.o)
                0x0000000008005a1c                _sbrk_r
 .text.__malloc_lock
                0x0000000008005a3c        0xc c:/program files/stmicroelectronics/stm32cube/stm32cubeide_1.9.0/stm32cubeide/plugins/com.st.stm32cube.ide.mcu.externaltools.gnu-tools-for-stm32.10.3-2021.10.win32_1.0.0.202111181127/tools/bin/../lib/gcc/arm-none-eabi/10.3.1/../../../../arm-none-eabi/lib/thumb/v7-m/nofp\libc_nano.a(lib_a-mlock.o)
                0x0000000008005a3c                __malloc_lock
 .text.__malloc_unlock
                0x0000000008005a48        0xc c:/program files/stmicroelectronics/stm32cube/stm32cubeide_1.9.0/stm32cubeide/plugins/com.st.stm32cube.ide.mcu.externaltools.gnu-tools-for-stm32.10.3-2021.10.win32_1.0.0.202111181127/tools/bin/../lib/gcc/arm-none-eabi/10.3.1/../../../../arm-none-eabi/lib/thumb/v7-m/nofp\libc_nano.a(lib_a-mlock.o)
                0x0000000008005a48                __malloc_unlock
 .text._malloc_usable_size_r
                0x0000000008005a54       0x10 c:/program files/stmicroelectronics/stm32cube/stm32cubeide_1.9.0/stm32cubeide/plugins/com.st.stm32cube.ide.mcu.externaltools.gnu-tools-for-stm32.10.3-2021.10.win32_1.0.0.202111181127/tools/bin/../lib/gcc/arm-none-eabi/10.3.1/../../../../arm-none-eabi/lib/thumb/v7-m/nofp\libc_nano.a(lib_a-nano-msizer.o)
                0x0000000008005a54                _malloc_usable_size_r
 .text.__retarget_lock_acquire_recursive
                0x0000000008005a64        0x2 c:/program files/stmicroelectronics/stm32cube/stm32cubeide_1.9.0/stm32cubeide/plugins/com.st.stm32cube.ide.mcu.externaltools.gnu-tools-for-stm32.10.3-2021.10.win32_1.0.0.202111181127/tools/bin/../lib/gcc/arm-none-eabi/10.3.1/../../../../arm-none-eabi/lib/thumb/v7-m/nofp\libc_nano.a(lib_a-lock.o)
                0x0000000008005a64                __retarget_lock_acquire_recursive
 .text.__retarget_lock_release_recursive
                0x0000000008005a66        0x2 c:/program files/stmicroelectronics/stm32cube/stm32cubeide_1.9.0/stm32cubeide/plugins/com.st.stm32cube.ide.mcu.externaltools.gnu-tools-for-stm32.10.3-2021.10.win32_1.0.0.202111181127/tools/bin/../lib/gcc/arm-none-eabi/10.3.1/../../../../arm-none-eabi/lib/thumb/v7-m/nofp\libc_nano.a(lib_a-lock.o)
                0x0000000008005a66                __retarget_lock_release_recursive
 *(.glue_7)
 .glue_7        0x0000000008005a68        0x0 linker stubs
 *(.glue_7t)
 .glue_7t       0x0000000008005a68        0x0 linker stubs
 *(.eh_frame)
 .eh_frame      0x0000000008005a68        0x0 c:/program files/stmicroelectronics/stm32cube/stm32cubeide_1.9.0/stm32cubeide/plugins/com.st.stm32cube.ide.mcu.externaltools.gnu-tools-for-stm32.10.3-2021.10.win32_1.0.0.202111181127/tools/bin/../lib/gcc/arm-none-eabi/10.3.1/thumb/v7-m/nofp/crtbegin.o
 *(.init)
 .init          0x0000000008005a68        0x4 c:/program files/stmicroelectronics/stm32cube/stm32cubeide_1.9.0/stm32cubeide/plugins/com.st.stm32cube.ide.mcu.externaltools.gnu-tools-for-stm32.10.3-2021.10.win32_1.0.0.202111181127/tools/bin/../lib/gcc/arm-none-eabi/10.3.1/thumb/v7-m/nofp/crti.o
                0x0000000008005a68                _init
 .init          0x0000000008005a6c        0x8 c:/program files/stmicroelectronics/stm32cube/stm32cubeide_1.9.0/stm32cubeide/plugins/com.st.stm32cube.ide.mcu.externaltools.gnu-tools-for-stm32.10.3-2021.10.win32_1.0.0.202111181127/tools/bin/../lib/gcc/arm-none-eabi/10.3.1/thumb/v7-m/nofp/crtn.o
 *(.fini)
 .fini          0x0000000008005a74        0x4 c:/program files/stmicroelectronics/stm32cube/stm32cubeide_1.9.0/stm32cubeide/plugins/com.st.stm32cube.ide.mcu.externaltools.gnu-tools-for-stm32.10.3-2021.10.win32_1.0.0.202111181127/tools/bin/../lib/gcc/arm-none-eabi/10.3.1/thumb/v7-m/nofp/crti.o
                0x0000000008005a74                _fini
 .fini          0x0000000008005a78        0x8 c:/program files/stmicroelectronics/stm32cube/stm32cubeide_1.9.0/stm32cubeide/plugins/com.st.stm32cube.ide.mcu.externaltools.gnu-tools-for-stm32.10.3-2021.10.win32_1.0.0.202111181127/tools/bin/../lib/gcc/arm-none-eabi/10.3.1/thumb/v7-m/nofp/crtn.o
                0x0000000008005a80                . = ALIGN (0x4)
                0x0000000008005a80                _etext = .

.vfp11_veneer   0x0000000008005a80        0x0
 .vfp11_veneer  0x0000000008005a80        0x0 linker stubs

.v4_bx          0x0000000008005a80        0x0
 .v4_bx         0x0000000008005a80        0x0 linker stubs

.iplt           0x0000000008005a80        0x0
 .iplt          0x0000000008005a80        0x0 c:/program files/stmicroelectronics/stm32cube/stm32cubeide_1.9.0/stm32cubeide/plugins/com.st.stm32cube.ide.mcu.externaltools.gnu-tools-for-stm32.10.3-2021.10.win32_1.0.0.202111181127/tools/bin/../lib/gcc/arm-none-eabi/10.3.1/thumb/v7-m/nofp/crtbegin.o

.rodata         0x0000000008005a80      0x794
                0x0000000008005a80                . = ALIGN (0x4)
 *(.rodata)
 .rodata        0x0000000008005a80       0x47 ./Core/Src/main.o
 *fill*         0x0000000008005ac7        0x1 
 .rodata        0x0000000008005ac8       0x10 ./Drivers/STM32F1xx_HAL_Driver/Src/stm32f1xx_hal_rcc.o
 *(.rodata*)
 .rodata.AHBPrescTable
                0x0000000008005ad8       0x10 ./Core/Src/system_stm32f1xx.o
                0x0000000008005ad8                AHBPrescTable
 .rodata.APBPrescTable
                0x0000000008005ae8        0x8 ./Core/Src/system_stm32f1xx.o
                0x0000000008005ae8                APBPrescTable
 .rodata.Font6x8
                0x0000000008005af0      0x5f0 ./ThirdParty/ssd1306/ssd1306_fonts.o
 .rodata._ctype_
                0x00000000080060e0      0x101 c:/program files/stmicroelectronics/stm32cube/stm32cubeide_1.9.0/stm32cubeide/plugins/com.st.stm32cube.ide.mcu.externaltools.gnu-tools-for-stm32.10.3-2021.10.win32_1.0.0.202111181127/tools/bin/../lib/gcc/arm-none-eabi/10.3.1/../../../../arm-none-eabi/lib/thumb/v7-m/nofp\libc_nano.a(lib_a-ctype_.o)
                0x00000000080060e0                _ctype_
 .rodata._svfprintf_r.str1.1
                0x00000000080061e1       0x11 c:/program files/stmicroelectronics/stm32cube/stm32cubeide_1.9.0/stm32cubeide/plugins/com.st.stm32cube.ide.mcu.externaltools.gnu-tools-for-stm32.10.3-2021.10.win32_1.0.0.202111181127/tools/bin/../lib/gcc/arm-none-eabi/10.3.1/../../../../arm-none-eabi/lib/thumb/v7-m/nofp\libc_nano.a(lib_a-nano-svfprintf.o)
 .rodata._printf_i.str1.1
                0x00000000080061f2       0x22 c:/program files/stmicroelectronics/stm32cube/stm32cubeide_1.9.0/stm32cubeide/plugins/com.st.stm32cube.ide.mcu.externaltools.gnu-tools-for-stm32.10.3-2021.10.win32_1.0.0.202111181127/tools/bin/../lib/gcc/arm-none-eabi/10.3.1/../../../../arm-none-eabi/lib/thumb/v7-m/nofp\libc_nano.a(lib_a-nano-vfprintf_i.o)
                0x0000000008006214                . = ALIGN (0x4)

.ARM.extab      0x0000000008006214        0x0
                0x0000000008006214                . = ALIGN (0x4)
 *(.ARM.extab* .gnu.linkonce.armextab.*)
                0x0000000008006214                . = ALIGN (0x4)

.ARM            0x0000000008006214        0x8
                0x0000000008006214                . = ALIGN (0x4)
                0x0000000008006214                __exidx_start = .
 *(.ARM.exidx*)
 .ARM.exidx     0x0000000008006214        0x8 c:/program files/stmicroelectronics/stm32cube/stm32cubeide_1.9.0/stm32cubeide/plugins/com.st.stm32cube.ide.mcu.externaltools.gnu-tools-for-stm32.10.3-2021.10.win32_1.0.0.202111181127/tools/bin/../lib/gcc/arm-none-eabi/10.3.1/thumb/v7-m/nofp\libgcc.a(_udivmoddi4.o)
                0x000000000800621c                __exidx_end = .
                0x000000000800621c                . = ALIGN (0x4)

.rel.dyn        0x000000000800621c        0x0
 .rel.iplt      0x000000000800621c        0x0 c:/program files/stmicroelectronics/stm32cube/stm32cubeide_1.9.0/stm32cubeide/plugins/com.st.stm32cube.ide.mcu.externaltools.gnu-tools-for-stm32.10.3-2021.10.win32_1.0.0.202111181127/tools/bin/../lib/gcc/arm-none-eabi/10.3.1/thumb/v7-m/nofp/crtbegin.o

.preinit_array  0x000000000800621c        0x0
                0x000000000800621c                . = ALIGN (0x4)
                0x000000000800621c                PROVIDE (__preinit_array_start = .)
 *(.preinit_array*)
                0x000000000800621c                PROVIDE (__preinit_array_end = .)
                0x000000000800621c                . = ALIGN (0x4)

.init_array     0x000000000800621c        0x4
                0x000000000800621c                . = ALIGN (0x4)
                0x000000000800621c                PROVIDE (__init_array_start = .)
 *(SORT_BY_NAME(.init_array.*))
 *(.init_array*)
 .init_array    0x000000000800621c        0x4 c:/program files/stmicroelectronics/stm32cube/stm32cubeide_1.9.0/stm32cubeide/plugins/com.st.stm32cube.ide.mcu.externaltools.gnu-tools-for-stm32.10.3-2021.10.win32_1.0.0.202111181127/tools/bin/../lib/gcc/arm-none-eabi/10.3.1/thumb/v7-m/nofp/crtbegin.o
                0x0000000008006220                PROVIDE (__init_array_end = .)
                0x0000000008006220                . = ALIGN (0x4)

.fini_array     0x0000000008006220        0x4
                0x0000000008006220                . = ALIGN (0x4)
                [!provide]                        PROVIDE (__fini_array_start = .)
 *(SORT_BY_NAME(.fini_array.*))
 *(.fini_array*)
 .fini_array    0x0000000008006220        0x4 c:/program files/stmicroelectronics/stm32cube/stm32cubeide_1.9.0/stm32cubeide/plugins/com.st.stm32cube.ide.mcu.externaltools.gnu-tools-for-stm32.10.3-2021.10.win32_1.0.0.202111181127/tools/bin/../lib/gcc/arm-none-eabi/10.3.1/thumb/v7-m/nofp/crtbegin.o
                [!provide]                        PROVIDE (__fini_array_end = .)
                0x0000000008006224                . = ALIGN (0x4)
                0x0000000008006224                _sidata = LOADADDR (.data)

.data           0x0000000020000000       0x78 load address 0x0000000008006224
                0x0000000020000000                . = ALIGN (0x4)
                0x0000000020000000                _sdata = .
 *(.data)
 *(.data*)
 .data.SystemCoreClock
                0x0000000020000000        0x4 ./Core/Src/system_stm32f1xx.o
                0x0000000020000000                SystemCoreClock
 .data.uwTickPrio
                0x0000000020000004        0x4 ./Drivers/STM32F1xx_HAL_Driver/Src/stm32f1xx_hal.o
                0x0000000020000004                uwTickPrio
 .data.uwTickFreq
                0x0000000020000008        0x1 ./Drivers/STM32F1xx_HAL_Driver/Src/stm32f1xx_hal.o
                0x0000000020000008                uwTickFreq
 *fill*         0x0000000020000009        0x3 
 .data.Font_6x8
                0x000000002000000c        0x8 ./ThirdParty/ssd1306/ssd1306_fonts.o
                0x000000002000000c                Font_6x8
 .data._impure_ptr
                0x0000000020000014        0x4 c:/program files/stmicroelectronics/stm32cube/stm32cubeide_1.9.0/stm32cubeide/plugins/com.st.stm32cube.ide.mcu.externaltools.gnu-tools-for-stm32.10.3-2021.10.win32_1.0.0.202111181127/tools/bin/../lib/gcc/arm-none-eabi/10.3.1/../../../../arm-none-eabi/lib/thumb/v7-m/nofp\libc_nano.a(lib_a-impure.o)
                0x0000000020000014                _impure_ptr
 .data.impure_data
                0x0000000020000018       0x60 c:/program files/stmicroelectronics/stm32cube/stm32cubeide_1.9.0/stm32cubeide/plugins/com.st.stm32cube.ide.mcu.externaltools.gnu-tools-for-stm32.10.3-2021.10.win32_1.0.0.202111181127/tools/bin/../lib/gcc/arm-none-eabi/10.3.1/../../../../arm-none-eabi/lib/thumb/v7-m/nofp\libc_nano.a(lib_a-impure.o)
 *(.RamFunc)
 *(.RamFunc*)
                0x0000000020000078                . = ALIGN (0x4)
                0x0000000020000078                _edata = .

.igot.plt       0x0000000020000078        0x0 load address 0x000000000800629c
 .igot.plt      0x0000000020000078        0x0 c:/program files/stmicroelectronics/stm32cube/stm32cubeide_1.9.0/stm32cubeide/plugins/com.st.stm32cube.ide.mcu.externaltools.gnu-tools-for-stm32.10.3-2021.10.win32_1.0.0.202111181127/tools/bin/../lib/gcc/arm-none-eabi/10.3.1/thumb/v7-m/nofp/crtbegin.o
                0x0000000020000078                . = ALIGN (0x4)

.bss            0x0000000020000078      0x3c4 load address 0x000000000800629c
                0x0000000020000078                _sbss = .
                0x0000000020000078                __bss_start__ = _sbss
 *(.bss)
 .bss           0x0000000020000078       0x1c c:/program files/stmicroelectronics/stm32cube/stm32cubeide_1.9.0/stm32cubeide/plugins/com.st.stm32cube.ide.mcu.externaltools.gnu-tools-for-stm32.10.3-2021.10.win32_1.0.0.202111181127/tools/bin/../lib/gcc/arm-none-eabi/10.3.1/thumb/v7-m/nofp/crtbegin.o
 *(.bss*)
 .bss.hi2c1     0x0000000020000094       0x54 ./Core/Src/main.o
                0x0000000020000094                hi2c1
 .bss.si1       0x00000000200000e8      0x108 ./Core/Src/main.o
                0x00000000200000e8                si1
 .bss.channel0Freq
                0x00000000200001f0        0x4 ./Core/Src/main.o
                0x00000000200001f0                channel0Freq
 .bss.channel1Freq
                0x00000000200001f4        0x4 ./Core/Src/main.o
                0x00000000200001f4                channel1Freq
 .bss.selectedChannel
                0x00000000200001f8        0x1 ./Core/Src/main.o
                0x00000000200001f8                selectedChannel
 .bss.currentChar
                0x00000000200001f9        0x1 ./Core/Src/main.o
                0x00000000200001f9                currentChar
 .bss.currentMenu
                0x00000000200001fa        0x1 ./Core/Src/main.o
                0x00000000200001fa                currentMenu
 *fill*         0x00000000200001fb        0x1 
 .bss.textBuffer
                0x00000000200001fc       0x10 ./Core/Src/main.o
                0x00000000200001fc                textBuffer
 .bss.editBuffer
                0x000000002000020c       0x10 ./Core/Src/main.o
                0x000000002000020c                editBuffer
 .bss.__sbrk_heap_end
                0x000000002000021c        0x4 ./Core/Src/sysmem.o
 .bss.uwTick    0x0000000020000220        0x4 ./Drivers/STM32F1xx_HAL_Driver/Src/stm32f1xx_hal.o
                0x0000000020000220                uwTick
 .bss.SSD1306_Buffer
                0x0000000020000224      0x200 ./ThirdParty/ssd1306/ssd1306.o
 .bss.SSD1306   0x0000000020000424        0x6 ./ThirdParty/ssd1306/ssd1306.o
 *fill*         0x000000002000042a        0x2 
 .bss.__malloc_free_list
                0x000000002000042c        0x4 c:/program files/stmicroelectronics/stm32cube/stm32cubeide_1.9.0/stm32cubeide/plugins/com.st.stm32cube.ide.mcu.externaltools.gnu-tools-for-stm32.10.3-2021.10.win32_1.0.0.202111181127/tools/bin/../lib/gcc/arm-none-eabi/10.3.1/../../../../arm-none-eabi/lib/thumb/v7-m/nofp\libc_nano.a(lib_a-nano-mallocr.o)
                0x000000002000042c                __malloc_free_list
 .bss.__malloc_sbrk_start
                0x0000000020000430        0x4 c:/program files/stmicroelectronics/stm32cube/stm32cubeide_1.9.0/stm32cubeide/plugins/com.st.stm32cube.ide.mcu.externaltools.gnu-tools-for-stm32.10.3-2021.10.win32_1.0.0.202111181127/tools/bin/../lib/gcc/arm-none-eabi/10.3.1/../../../../arm-none-eabi/lib/thumb/v7-m/nofp\libc_nano.a(lib_a-nano-mallocr.o)
                0x0000000020000430                __malloc_sbrk_start
 .bss.errno     0x0000000020000434        0x4 c:/program files/stmicroelectronics/stm32cube/stm32cubeide_1.9.0/stm32cubeide/plugins/com.st.stm32cube.ide.mcu.externaltools.gnu-tools-for-stm32.10.3-2021.10.win32_1.0.0.202111181127/tools/bin/../lib/gcc/arm-none-eabi/10.3.1/../../../../arm-none-eabi/lib/thumb/v7-m/nofp\libc_nano.a(lib_a-reent.o)
                0x0000000020000434                errno
 .bss.__lock___malloc_recursive_mutex
                0x0000000020000438        0x1 c:/program files/stmicroelectronics/stm32cube/stm32cubeide_1.9.0/stm32cubeide/plugins/com.st.stm32cube.ide.mcu.externaltools.gnu-tools-for-stm32.10.3-2021.10.win32_1.0.0.202111181127/tools/bin/../lib/gcc/arm-none-eabi/10.3.1/../../../../arm-none-eabi/lib/thumb/v7-m/nofp\libc_nano.a(lib_a-lock.o)
                0x0000000020000438                __lock___malloc_recursive_mutex
 *(COMMON)
                0x000000002000043c                . = ALIGN (0x4)
 *fill*         0x0000000020000439        0x3 
                0x000000002000043c                _ebss = .
                0x000000002000043c                __bss_end__ = _ebss

._user_heap_stack
                0x000000002000043c      0x604 load address 0x000000000800629c
                0x0000000020000440                . = ALIGN (0x8)
 *fill*         0x000000002000043c        0x4 
                [!provide]                        PROVIDE (end = .)
                0x0000000020000440                PROVIDE (_end = .)
                0x0000000020000640                . = (. + _Min_Heap_Size)
 *fill*         0x0000000020000440      0x200 
                0x0000000020000a40                . = (. + _Min_Stack_Size)
 *fill*         0x0000000020000640      0x400 
                0x0000000020000a40                . = ALIGN (0x8)

/DISCARD/
 libc.a(*)
 libm.a(*)
 libgcc.a(*)

.ARM.attributes
                0x0000000000000000       0x29
 *(.ARM.attributes)
 .ARM.attributes
                0x0000000000000000       0x1d c:/program files/stmicroelectronics/stm32cube/stm32cubeide_1.9.0/stm32cubeide/plugins/com.st.stm32cube.ide.mcu.externaltools.gnu-tools-for-stm32.10.3-2021.10.win32_1.0.0.202111181127/tools/bin/../lib/gcc/arm-none-eabi/10.3.1/thumb/v7-m/nofp/crti.o
 .ARM.attributes
                0x000000000000001d       0x2d c:/program files/stmicroelectronics/stm32cube/stm32cubeide_1.9.0/stm32cubeide/plugins/com.st.stm32cube.ide.mcu.externaltools.gnu-tools-for-stm32.10.3-2021.10.win32_1.0.0.202111181127/tools/bin/../lib/gcc/arm-none-eabi/10.3.1/thumb/v7-m/nofp/crtbegin.o
 .ARM.attributes
                0x000000000000004a       0x2d ./Core/Src/main.o
 .ARM.attributes
                0x0000000000000077       0x2d ./Core/Src/stm32f1xx_hal_msp.o
 .ARM.attributes
                0x00000000000000a4       0x2d ./Core/Src/stm32f1xx_it.o
 .ARM.attributes
                0x00000000000000d1       0x2d ./Core/Src/sysmem.o
 .ARM.attributes
                0x00000000000000fe       0x2d ./Core/Src/system_stm32f1xx.o
 .ARM.attributes
                0x000000000000012b       0x21 ./Core/Startup/startup_stm32f103c6tx.o
 .ARM.attributes
                0x000000000000014c       0x2d ./Drivers/STM32F1xx_HAL_Driver/Src/stm32f1xx_hal.o
 .ARM.attributes
                0x0000000000000179       0x2d ./Drivers/STM32F1xx_HAL_Driver/Src/stm32f1xx_hal_cortex.o
 .ARM.attributes
                0x00000000000001a6       0x2d ./Drivers/STM32F1xx_HAL_Driver/Src/stm32f1xx_hal_gpio.o
 .ARM.attributes
                0x00000000000001d3       0x2d ./Drivers/STM32F1xx_HAL_Driver/Src/stm32f1xx_hal_i2c.o
 .ARM.attributes
                0x0000000000000200       0x2d ./Drivers/STM32F1xx_HAL_Driver/Src/stm32f1xx_hal_rcc.o
 .ARM.attributes
                0x000000000000022d       0x2d ./ThirdParty/Si5351-lib/src/si5351.o
 .ARM.attributes
                0x000000000000025a       0x2d ./ThirdParty/ssd1306/ssd1306.o
 .ARM.attributes
                0x0000000000000287       0x2d ./ThirdParty/ssd1306/ssd1306_fonts.o
 .ARM.attributes
                0x00000000000002b4       0x2d c:/program files/stmicroelectronics/stm32cube/stm32cubeide_1.9.0/stm32cubeide/plugins/com.st.stm32cube.ide.mcu.externaltools.gnu-tools-for-stm32.10.3-2021.10.win32_1.0.0.202111181127/tools/bin/../lib/gcc/arm-none-eabi/10.3.1/../../../../arm-none-eabi/lib/thumb/v7-m/nofp\libc_nano.a(lib_a-atol.o)
 .ARM.attributes
                0x00000000000002e1       0x2d c:/program files/stmicroelectronics/stm32cube/stm32cubeide_1.9.0/stm32cubeide/plugins/com.st.stm32cube.ide.mcu.externaltools.gnu-tools-for-stm32.10.3-2021.10.win32_1.0.0.202111181127/tools/bin/../lib/gcc/arm-none-eabi/10.3.1/../../../../arm-none-eabi/lib/thumb/v7-m/nofp\libc_nano.a(lib_a-errno.o)
 .ARM.attributes
                0x000000000000030e       0x2d c:/program files/stmicroelectronics/stm32cube/stm32cubeide_1.9.0/stm32cubeide/plugins/com.st.stm32cube.ide.mcu.externaltools.gnu-tools-for-stm32.10.3-2021.10.win32_1.0.0.202111181127/tools/bin/../lib/gcc/arm-none-eabi/10.3.1/../../../../arm-none-eabi/lib/thumb/v7-m/nofp\libc_nano.a(lib_a-impure.o)
 .ARM.attributes
                0x000000000000033b       0x2d c:/program files/stmicroelectronics/stm32cube/stm32cubeide_1.9.0/stm32cubeide/plugins/com.st.stm32cube.ide.mcu.externaltools.gnu-tools-for-stm32.10.3-2021.10.win32_1.0.0.202111181127/tools/bin/../lib/gcc/arm-none-eabi/10.3.1/../../../../arm-none-eabi/lib/thumb/v7-m/nofp\libc_nano.a(lib_a-init.o)
 .ARM.attributes
                0x0000000000000368       0x2d c:/program files/stmicroelectronics/stm32cube/stm32cubeide_1.9.0/stm32cubeide/plugins/com.st.stm32cube.ide.mcu.externaltools.gnu-tools-for-stm32.10.3-2021.10.win32_1.0.0.202111181127/tools/bin/../lib/gcc/arm-none-eabi/10.3.1/../../../../arm-none-eabi/lib/thumb/v7-m/nofp\libc_nano.a(lib_a-memcpy-stub.o)
 .ARM.attributes
                0x0000000000000395       0x2d c:/program files/stmicroelectronics/stm32cube/stm32cubeide_1.9.0/stm32cubeide/plugins/com.st.stm32cube.ide.mcu.externaltools.gnu-tools-for-stm32.10.3-2021.10.win32_1.0.0.202111181127/tools/bin/../lib/gcc/arm-none-eabi/10.3.1/../../../../arm-none-eabi/lib/thumb/v7-m/nofp\libc_nano.a(lib_a-memset.o)
 .ARM.attributes
                0x00000000000003c2       0x2d c:/program files/stmicroelectronics/stm32cube/stm32cubeide_1.9.0/stm32cubeide/plugins/com.st.stm32cube.ide.mcu.externaltools.gnu-tools-for-stm32.10.3-2021.10.win32_1.0.0.202111181127/tools/bin/../lib/gcc/arm-none-eabi/10.3.1/../../../../arm-none-eabi/lib/thumb/v7-m/nofp\libc_nano.a(lib_a-sprintf.o)
 .ARM.attributes
                0x00000000000003ef       0x17 c:/program files/stmicroelectronics/stm32cube/stm32cubeide_1.9.0/stm32cubeide/plugins/com.st.stm32cube.ide.mcu.externaltools.gnu-tools-for-stm32.10.3-2021.10.win32_1.0.0.202111181127/tools/bin/../lib/gcc/arm-none-eabi/10.3.1/../../../../arm-none-eabi/lib/thumb/v7-m/nofp\libc_nano.a(lib_a-strlen.o)
 .ARM.attributes
                0x0000000000000406       0x2d c:/program files/stmicroelectronics/stm32cube/stm32cubeide_1.9.0/stm32cubeide/plugins/com.st.stm32cube.ide.mcu.externaltools.gnu-tools-for-stm32.10.3-2021.10.win32_1.0.0.202111181127/tools/bin/../lib/gcc/arm-none-eabi/10.3.1/../../../../arm-none-eabi/lib/thumb/v7-m/nofp\libc_nano.a(lib_a-strtol.o)
 .ARM.attributes
                0x0000000000000433       0x2d c:/program files/stmicroelectronics/stm32cube/stm32cubeide_1.9.0/stm32cubeide/plugins/com.st.stm32cube.ide.mcu.externaltools.gnu-tools-for-stm32.10.3-2021.10.win32_1.0.0.202111181127/tools/bin/../lib/gcc/arm-none-eabi/10.3.1/../../../../arm-none-eabi/lib/thumb/v7-m/nofp\libc_nano.a(lib_a-ctype_.o)
 .ARM.attributes
                0x0000000000000460       0x2d c:/program files/stmicroelectronics/stm32cube/stm32cubeide_1.9.0/stm32cubeide/plugins/com.st.stm32cube.ide.mcu.externaltools.gnu-tools-for-stm32.10.3-2021.10.win32_1.0.0.202111181127/tools/bin/../lib/gcc/arm-none-eabi/10.3.1/../../../../arm-none-eabi/lib/thumb/v7-m/nofp\libc_nano.a(lib_a-nano-svfprintf.o)
 .ARM.attributes
                0x000000000000048d       0x2d c:/program files/stmicroelectronics/stm32cube/stm32cubeide_1.9.0/stm32cubeide/plugins/com.st.stm32cube.ide.mcu.externaltools.gnu-tools-for-stm32.10.3-2021.10.win32_1.0.0.202111181127/tools/bin/../lib/gcc/arm-none-eabi/10.3.1/../../../../arm-none-eabi/lib/thumb/v7-m/nofp\libc_nano.a(lib_a-nano-vfprintf_i.o)
 .ARM.attributes
                0x00000000000004ba       0x2d c:/program files/stmicroelectronics/stm32cube/stm32cubeide_1.9.0/stm32cubeide/plugins/com.st.stm32cube.ide.mcu.externaltools.gnu-tools-for-stm32.10.3-2021.10.win32_1.0.0.202111181127/tools/bin/../lib/gcc/arm-none-eabi/10.3.1/../../../../arm-none-eabi/lib/thumb/v7-m/nofp\libc_nano.a(lib_a-memchr-stub.o)
 .ARM.attributes
                0x00000000000004e7       0x2d c:/program files/stmicroelectronics/stm32cube/stm32cubeide_1.9.0/stm32cubeide/plugins/com.st.stm32cube.ide.mcu.externaltools.gnu-tools-for-stm32.10.3-2021.10.win32_1.0.0.202111181127/tools/bin/../lib/gcc/arm-none-eabi/10.3.1/../../../../arm-none-eabi/lib/thumb/v7-m/nofp\libc_nano.a(lib_a-memmove.o)
 .ARM.attributes
                0x0000000000000514       0x2d c:/program files/stmicroelectronics/stm32cube/stm32cubeide_1.9.0/stm32cubeide/plugins/com.st.stm32cube.ide.mcu.externaltools.gnu-tools-for-stm32.10.3-2021.10.win32_1.0.0.202111181127/tools/bin/../lib/gcc/arm-none-eabi/10.3.1/../../../../arm-none-eabi/lib/thumb/v7-m/nofp\libc_nano.a(lib_a-nano-freer.o)
 .ARM.attributes
                0x0000000000000541       0x2d c:/program files/stmicroelectronics/stm32cube/stm32cubeide_1.9.0/stm32cubeide/plugins/com.st.stm32cube.ide.mcu.externaltools.gnu-tools-for-stm32.10.3-2021.10.win32_1.0.0.202111181127/tools/bin/../lib/gcc/arm-none-eabi/10.3.1/../../../../arm-none-eabi/lib/thumb/v7-m/nofp\libc_nano.a(lib_a-nano-mallocr.o)
 .ARM.attributes
                0x000000000000056e       0x2d c:/program files/stmicroelectronics/stm32cube/stm32cubeide_1.9.0/stm32cubeide/plugins/com.st.stm32cube.ide.mcu.externaltools.gnu-tools-for-stm32.10.3-2021.10.win32_1.0.0.202111181127/tools/bin/../lib/gcc/arm-none-eabi/10.3.1/../../../../arm-none-eabi/lib/thumb/v7-m/nofp\libc_nano.a(lib_a-nano-reallocr.o)
 .ARM.attributes
                0x000000000000059b       0x2d c:/program files/stmicroelectronics/stm32cube/stm32cubeide_1.9.0/stm32cubeide/plugins/com.st.stm32cube.ide.mcu.externaltools.gnu-tools-for-stm32.10.3-2021.10.win32_1.0.0.202111181127/tools/bin/../lib/gcc/arm-none-eabi/10.3.1/../../../../arm-none-eabi/lib/thumb/v7-m/nofp\libc_nano.a(lib_a-sbrkr.o)
 .ARM.attributes
                0x00000000000005c8       0x2d c:/program files/stmicroelectronics/stm32cube/stm32cubeide_1.9.0/stm32cubeide/plugins/com.st.stm32cube.ide.mcu.externaltools.gnu-tools-for-stm32.10.3-2021.10.win32_1.0.0.202111181127/tools/bin/../lib/gcc/arm-none-eabi/10.3.1/../../../../arm-none-eabi/lib/thumb/v7-m/nofp\libc_nano.a(lib_a-mlock.o)
 .ARM.attributes
                0x00000000000005f5       0x2d c:/program files/stmicroelectronics/stm32cube/stm32cubeide_1.9.0/stm32cubeide/plugins/com.st.stm32cube.ide.mcu.externaltools.gnu-tools-for-stm32.10.3-2021.10.win32_1.0.0.202111181127/tools/bin/../lib/gcc/arm-none-eabi/10.3.1/../../../../arm-none-eabi/lib/thumb/v7-m/nofp\libc_nano.a(lib_a-nano-msizer.o)
 .ARM.attributes
                0x0000000000000622       0x2d c:/program files/stmicroelectronics/stm32cube/stm32cubeide_1.9.0/stm32cubeide/plugins/com.st.stm32cube.ide.mcu.externaltools.gnu-tools-for-stm32.10.3-2021.10.win32_1.0.0.202111181127/tools/bin/../lib/gcc/arm-none-eabi/10.3.1/../../../../arm-none-eabi/lib/thumb/v7-m/nofp\libc_nano.a(lib_a-reent.o)
 .ARM.attributes
                0x000000000000064f       0x2d c:/program files/stmicroelectronics/stm32cube/stm32cubeide_1.9.0/stm32cubeide/plugins/com.st.stm32cube.ide.mcu.externaltools.gnu-tools-for-stm32.10.3-2021.10.win32_1.0.0.202111181127/tools/bin/../lib/gcc/arm-none-eabi/10.3.1/../../../../arm-none-eabi/lib/thumb/v7-m/nofp\libc_nano.a(lib_a-lock.o)
 .ARM.attributes
                0x000000000000067c       0x1d c:/program files/stmicroelectronics/stm32cube/stm32cubeide_1.9.0/stm32cubeide/plugins/com.st.stm32cube.ide.mcu.externaltools.gnu-tools-for-stm32.10.3-2021.10.win32_1.0.0.202111181127/tools/bin/../lib/gcc/arm-none-eabi/10.3.1/thumb/v7-m/nofp\libgcc.a(_arm_addsubsf3.o)
 .ARM.attributes
                0x0000000000000699       0x1d c:/program files/stmicroelectronics/stm32cube/stm32cubeide_1.9.0/stm32cubeide/plugins/com.st.stm32cube.ide.mcu.externaltools.gnu-tools-for-stm32.10.3-2021.10.win32_1.0.0.202111181127/tools/bin/../lib/gcc/arm-none-eabi/10.3.1/thumb/v7-m/nofp\libgcc.a(_arm_muldivsf3.o)
 .ARM.attributes
                0x00000000000006b6       0x1d c:/program files/stmicroelectronics/stm32cube/stm32cubeide_1.9.0/stm32cubeide/plugins/com.st.stm32cube.ide.mcu.externaltools.gnu-tools-for-stm32.10.3-2021.10.win32_1.0.0.202111181127/tools/bin/../lib/gcc/arm-none-eabi/10.3.1/thumb/v7-m/nofp\libgcc.a(_arm_fixunssfsi.o)
 .ARM.attributes
                0x00000000000006d3       0x1d c:/program files/stmicroelectronics/stm32cube/stm32cubeide_1.9.0/stm32cubeide/plugins/com.st.stm32cube.ide.mcu.externaltools.gnu-tools-for-stm32.10.3-2021.10.win32_1.0.0.202111181127/tools/bin/../lib/gcc/arm-none-eabi/10.3.1/thumb/v7-m/nofp\libgcc.a(_aeabi_uldivmod.o)
 .ARM.attributes
                0x00000000000006f0       0x2d c:/program files/stmicroelectronics/stm32cube/stm32cubeide_1.9.0/stm32cubeide/plugins/com.st.stm32cube.ide.mcu.externaltools.gnu-tools-for-stm32.10.3-2021.10.win32_1.0.0.202111181127/tools/bin/../lib/gcc/arm-none-eabi/10.3.1/thumb/v7-m/nofp\libgcc.a(_udivmoddi4.o)
 .ARM.attributes
                0x000000000000071d       0x1d c:/program files/stmicroelectronics/stm32cube/stm32cubeide_1.9.0/stm32cubeide/plugins/com.st.stm32cube.ide.mcu.externaltools.gnu-tools-for-stm32.10.3-2021.10.win32_1.0.0.202111181127/tools/bin/../lib/gcc/arm-none-eabi/10.3.1/thumb/v7-m/nofp\libgcc.a(_dvmd_tls.o)
 .ARM.attributes
                0x000000000000073a       0x1d c:/program files/stmicroelectronics/stm32cube/stm32cubeide_1.9.0/stm32cubeide/plugins/com.st.stm32cube.ide.mcu.externaltools.gnu-tools-for-stm32.10.3-2021.10.win32_1.0.0.202111181127/tools/bin/../lib/gcc/arm-none-eabi/10.3.1/thumb/v7-m/nofp/crtn.o
OUTPUT(ClockGenerator.elf elf32-littlearm)
LOAD linker stubs
LOAD c:/program files/stmicroelectronics/stm32cube/stm32cubeide_1.9.0/stm32cubeide/plugins/com.st.stm32cube.ide.mcu.externaltools.gnu-tools-for-stm32.10.3-2021.10.win32_1.0.0.202111181127/tools/bin/../lib/gcc/arm-none-eabi/10.3.1/../../../../arm-none-eabi/lib/thumb/v7-m/nofp\libc.a
LOAD c:/program files/stmicroelectronics/stm32cube/stm32cubeide_1.9.0/stm32cubeide/plugins/com.st.stm32cube.ide.mcu.externaltools.gnu-tools-for-stm32.10.3-2021.10.win32_1.0.0.202111181127/tools/bin/../lib/gcc/arm-none-eabi/10.3.1/../../../../arm-none-eabi/lib/thumb/v7-m/nofp\libm.a
LOAD c:/program files/stmicroelectronics/stm32cube/stm32cubeide_1.9.0/stm32cubeide/plugins/com.st.stm32cube.ide.mcu.externaltools.gnu-tools-for-stm32.10.3-2021.10.win32_1.0.0.202111181127/tools/bin/../lib/gcc/arm-none-eabi/10.3.1/thumb/v7-m/nofp\libgcc.a

.debug_info     0x0000000000000000     0x8e4b
 .debug_info    0x0000000000000000     0x14ff ./Core/Src/main.o
 .debug_info    0x00000000000014ff      0x8b6 ./Core/Src/stm32f1xx_hal_msp.o
 .debug_info    0x0000000000001db5      0x122 ./Core/Src/stm32f1xx_it.o
 .debug_info    0x0000000000001ed7      0x171 ./Core/Src/sysmem.o
 .debug_info    0x0000000000002048      0x23d ./Core/Src/system_stm32f1xx.o
 .debug_info    0x0000000000002285       0x22 ./Core/Startup/startup_stm32f103c6tx.o
 .debug_info    0x00000000000022a7      0x716 ./Drivers/STM32F1xx_HAL_Driver/Src/stm32f1xx_hal.o
 .debug_info    0x00000000000029bd      0xb02 ./Drivers/STM32F1xx_HAL_Driver/Src/stm32f1xx_hal_cortex.o
 .debug_info    0x00000000000034bf      0x615 ./Drivers/STM32F1xx_HAL_Driver/Src/stm32f1xx_hal_gpio.o
 .debug_info    0x0000000000003ad4     0x2734 ./Drivers/STM32F1xx_HAL_Driver/Src/stm32f1xx_hal_i2c.o
 .debug_info    0x0000000000006208      0x860 ./Drivers/STM32F1xx_HAL_Driver/Src/stm32f1xx_hal_rcc.o
 .debug_info    0x0000000000006a68     0x128e ./ThirdParty/Si5351-lib/src/si5351.o
 .debug_info    0x0000000000007cf6     0x102c ./ThirdParty/ssd1306/ssd1306.o
 .debug_info    0x0000000000008d22      0x129 ./ThirdParty/ssd1306/ssd1306_fonts.o

.debug_abbrev   0x0000000000000000     0x1a05
 .debug_abbrev  0x0000000000000000      0x3c8 ./Core/Src/main.o
 .debug_abbrev  0x00000000000003c8      0x194 ./Core/Src/stm32f1xx_hal_msp.o
 .debug_abbrev  0x000000000000055c       0x74 ./Core/Src/stm32f1xx_it.o
 .debug_abbrev  0x00000000000005d0       0xbb ./Core/Src/sysmem.o
 .debug_abbrev  0x000000000000068b      0x13b ./Core/Src/system_stm32f1xx.o
 .debug_abbrev  0x00000000000007c6       0x12 ./Core/Startup/startup_stm32f103c6tx.o
 .debug_abbrev  0x00000000000007d8      0x1fb ./Drivers/STM32F1xx_HAL_Driver/Src/stm32f1xx_hal.o
 .debug_abbrev  0x00000000000009d3      0x2ed ./Drivers/STM32F1xx_HAL_Driver/Src/stm32f1xx_hal_cortex.o
 .debug_abbrev  0x0000000000000cc0      0x1bb ./Drivers/STM32F1xx_HAL_Driver/Src/stm32f1xx_hal_gpio.o
 .debug_abbrev  0x0000000000000e7b      0x288 ./Drivers/STM32F1xx_HAL_Driver/Src/stm32f1xx_hal_i2c.o
 .debug_abbrev  0x0000000000001103      0x2a8 ./Drivers/STM32F1xx_HAL_Driver/Src/stm32f1xx_hal_rcc.o
 .debug_abbrev  0x00000000000013ab      0x24b ./ThirdParty/Si5351-lib/src/si5351.o
 .debug_abbrev  0x00000000000015f6      0x362 ./ThirdParty/ssd1306/ssd1306.o
 .debug_abbrev  0x0000000000001958       0xad ./ThirdParty/ssd1306/ssd1306_fonts.o

.debug_aranges  0x0000000000000000      0x870
 .debug_aranges
                0x0000000000000000       0x90 ./Core/Src/main.o
 .debug_aranges
                0x0000000000000090       0x30 ./Core/Src/stm32f1xx_hal_msp.o
 .debug_aranges
                0x00000000000000c0       0x60 ./Core/Src/stm32f1xx_it.o
 .debug_aranges
                0x0000000000000120       0x20 ./Core/Src/sysmem.o
 .debug_aranges
                0x0000000000000140       0x28 ./Core/Src/system_stm32f1xx.o
 .debug_aranges
                0x0000000000000168       0x28 ./Core/Startup/startup_stm32f103c6tx.o
 .debug_aranges
                0x0000000000000190       0xe0 ./Drivers/STM32F1xx_HAL_Driver/Src/stm32f1xx_hal.o
 .debug_aranges
                0x0000000000000270      0x100 ./Drivers/STM32F1xx_HAL_Driver/Src/stm32f1xx_hal_cortex.o
 .debug_aranges
                0x0000000000000370       0x58 ./Drivers/STM32F1xx_HAL_Driver/Src/stm32f1xx_hal_gpio.o
 .debug_aranges
                0x00000000000003c8      0x2a0 ./Drivers/STM32F1xx_HAL_Driver/Src/stm32f1xx_hal_i2c.o
 .debug_aranges
                0x0000000000000668       0x90 ./Drivers/STM32F1xx_HAL_Driver/Src/stm32f1xx_hal_rcc.o
 .debug_aranges
                0x00000000000006f8       0x98 ./ThirdParty/Si5351-lib/src/si5351.o
 .debug_aranges
                0x0000000000000790       0xc8 ./ThirdParty/ssd1306/ssd1306.o
 .debug_aranges
                0x0000000000000858       0x18 ./ThirdParty/ssd1306/ssd1306_fonts.o

.debug_ranges   0x0000000000000000      0x7b8
 .debug_ranges  0x0000000000000000       0x80 ./Core/Src/main.o
 .debug_ranges  0x0000000000000080       0x20 ./Core/Src/stm32f1xx_hal_msp.o
 .debug_ranges  0x00000000000000a0       0x50 ./Core/Src/stm32f1xx_it.o
 .debug_ranges  0x00000000000000f0       0x10 ./Core/Src/sysmem.o
 .debug_ranges  0x0000000000000100       0x18 ./Core/Src/system_stm32f1xx.o
 .debug_ranges  0x0000000000000118       0x20 ./Core/Startup/startup_stm32f103c6tx.o
 .debug_ranges  0x0000000000000138       0xd0 ./Drivers/STM32F1xx_HAL_Driver/Src/stm32f1xx_hal.o
 .debug_ranges  0x0000000000000208       0xf0 ./Drivers/STM32F1xx_HAL_Driver/Src/stm32f1xx_hal_cortex.o
 .debug_ranges  0x00000000000002f8       0x48 ./Drivers/STM32F1xx_HAL_Driver/Src/stm32f1xx_hal_gpio.o
 .debug_ranges  0x0000000000000340      0x2b8 ./Drivers/STM32F1xx_HAL_Driver/Src/stm32f1xx_hal_i2c.o
 .debug_ranges  0x00000000000005f8       0x80 ./Drivers/STM32F1xx_HAL_Driver/Src/stm32f1xx_hal_rcc.o
 .debug_ranges  0x0000000000000678       0x88 ./ThirdParty/Si5351-lib/src/si5351.o
 .debug_ranges  0x0000000000000700       0xb8 ./ThirdParty/ssd1306/ssd1306.o

.debug_macro    0x0000000000000000    0x175c5
 .debug_macro   0x0000000000000000      0x399 ./Core/Src/main.o
 .debug_macro   0x0000000000000399      0xa6c ./Core/Src/main.o
 .debug_macro   0x0000000000000e05      0x215 ./Core/Src/main.o
 .debug_macro   0x000000000000101a       0x2e ./Core/Src/main.o
 .debug_macro   0x0000000000001048       0x22 ./Core/Src/main.o
 .debug_macro   0x000000000000106a       0x22 ./Core/Src/main.o
 .debug_macro   0x000000000000108c       0x8e ./Core/Src/main.o
 .debug_macro   0x000000000000111a       0x51 ./Core/Src/main.o
 .debug_macro   0x000000000000116b      0x103 ./Core/Src/main.o
 .debug_macro   0x000000000000126e       0x6a ./Core/Src/main.o
 .debug_macro   0x00000000000012d8      0x1df ./Core/Src/main.o
 .debug_macro   0x00000000000014b7       0x1c ./Core/Src/main.o
 .debug_macro   0x00000000000014d3       0x22 ./Core/Src/main.o
 .debug_macro   0x00000000000014f5       0xbd ./Core/Src/main.o
 .debug_macro   0x00000000000015b2      0xd23 ./Core/Src/main.o
 .debug_macro   0x00000000000022d5     0xde75 ./Core/Src/main.o
 .debug_macro   0x000000000001014a       0x6d ./Core/Src/main.o
 .debug_macro   0x00000000000101b7     0x3468 ./Core/Src/main.o
 .debug_macro   0x000000000001361f      0x174 ./Core/Src/main.o
 .debug_macro   0x0000000000013793       0x5c ./Core/Src/main.o
 .debug_macro   0x00000000000137ef      0x5be ./Core/Src/main.o
 .debug_macro   0x0000000000013dad      0x1b7 ./Core/Src/main.o
 .debug_macro   0x0000000000013f64      0x1cb ./Core/Src/main.o
 .debug_macro   0x000000000001412f      0x114 ./Core/Src/main.o
 .debug_macro   0x0000000000014243      0x1b2 ./Core/Src/main.o
 .debug_macro   0x00000000000143f5       0x27 ./Core/Src/main.o
 .debug_macro   0x000000000001441c      0x12f ./Core/Src/main.o
 .debug_macro   0x000000000001454b      0x1bc ./Core/Src/main.o
 .debug_macro   0x0000000000014707       0x34 ./Core/Src/main.o
 .debug_macro   0x000000000001473b       0x3c ./Core/Src/main.o
 .debug_macro   0x0000000000014777       0x57 ./Core/Src/main.o
 .debug_macro   0x00000000000147ce       0x88 ./Core/Src/main.o
 .debug_macro   0x0000000000014856      0x183 ./Core/Src/main.o
 .debug_macro   0x00000000000149d9      0x287 ./Core/Src/main.o
 .debug_macro   0x0000000000014c60      0x141 ./Core/Src/main.o
 .debug_macro   0x0000000000014da1       0x69 ./Core/Src/main.o
 .debug_macro   0x0000000000014e0a      0x386 ./Core/Src/main.o
 .debug_macro   0x0000000000015190       0x52 ./Core/Src/main.o
 .debug_macro   0x00000000000151e2       0x18 ./Core/Src/main.o
 .debug_macro   0x00000000000151fa       0x3c ./Core/Src/main.o
 .debug_macro   0x0000000000015236       0x34 ./Core/Src/main.o
 .debug_macro   0x000000000001526a       0x46 ./Core/Src/main.o
 .debug_macro   0x00000000000152b0       0x10 ./Core/Src/main.o
 .debug_macro   0x00000000000152c0       0x28 ./Core/Src/main.o
 .debug_macro   0x00000000000152e8       0x58 ./Core/Src/main.o
 .debug_macro   0x0000000000015340       0x16 ./Core/Src/main.o
 .debug_macro   0x0000000000015356       0x43 ./Core/Src/main.o
 .debug_macro   0x0000000000015399       0x34 ./Core/Src/main.o
 .debug_macro   0x00000000000153cd       0x10 ./Core/Src/main.o
 .debug_macro   0x00000000000153dd       0x58 ./Core/Src/main.o
 .debug_macro   0x0000000000015435       0x71 ./Core/Src/main.o
 .debug_macro   0x00000000000154a6       0x1c ./Core/Src/main.o
 .debug_macro   0x00000000000154c2      0x12a ./Core/Src/main.o
 .debug_macro   0x00000000000155ec      0x341 ./Core/Src/main.o
 .debug_macro   0x000000000001592d       0x10 ./Core/Src/main.o
 .debug_macro   0x000000000001593d       0x35 ./Core/Src/main.o
 .debug_macro   0x0000000000015972       0x20 ./Core/Src/main.o
 .debug_macro   0x0000000000015992       0x1c ./Core/Src/main.o
 .debug_macro   0x00000000000159ae       0x10 ./Core/Src/main.o
 .debug_macro   0x00000000000159be       0x10 ./Core/Src/main.o
 .debug_macro   0x00000000000159ce       0x1c ./Core/Src/main.o
 .debug_macro   0x00000000000159ea       0x52 ./Core/Src/main.o
 .debug_macro   0x0000000000015a3c       0x22 ./Core/Src/main.o
 .debug_macro   0x0000000000015a5e       0x10 ./Core/Src/main.o
 .debug_macro   0x0000000000015a6e       0x52 ./Core/Src/main.o
 .debug_macro   0x0000000000015ac0       0xd5 ./Core/Src/main.o
 .debug_macro   0x0000000000015b95       0x1c ./Core/Src/main.o
 .debug_macro   0x0000000000015bb1       0x3d ./Core/Src/main.o
 .debug_macro   0x0000000000015bee       0x16 ./Core/Src/main.o
 .debug_macro   0x0000000000015c04      0x145 ./Core/Src/main.o
 .debug_macro   0x0000000000015d49       0x16 ./Core/Src/main.o
 .debug_macro   0x0000000000015d5f       0x16 ./Core/Src/main.o
 .debug_macro   0x0000000000015d75       0x29 ./Core/Src/main.o
 .debug_macro   0x0000000000015d9e      0x200 ./Core/Src/stm32f1xx_hal_msp.o
 .debug_macro   0x0000000000015f9e      0x20a ./Core/Src/stm32f1xx_it.o
 .debug_macro   0x00000000000161a8       0xff ./Core/Src/sysmem.o
 .debug_macro   0x00000000000162a7      0x23b ./Core/Src/sysmem.o
 .debug_macro   0x00000000000164e2      0x18d ./Core/Src/system_stm32f1xx.o
 .debug_macro   0x000000000001666f      0x1b1 ./Drivers/STM32F1xx_HAL_Driver/Src/stm32f1xx_hal.o
 .debug_macro   0x0000000000016820      0x18d ./Drivers/STM32F1xx_HAL_Driver/Src/stm32f1xx_hal_cortex.o
 .debug_macro   0x00000000000169ad      0x1f8 ./Drivers/STM32F1xx_HAL_Driver/Src/stm32f1xx_hal_gpio.o
 .debug_macro   0x0000000000016ba5      0x1d4 ./Drivers/STM32F1xx_HAL_Driver/Src/stm32f1xx_hal_i2c.o
 .debug_macro   0x0000000000016d79      0x19f ./Drivers/STM32F1xx_HAL_Driver/Src/stm32f1xx_hal_rcc.o
 .debug_macro   0x0000000000016f18      0x196 ./ThirdParty/Si5351-lib/src/si5351.o
 .debug_macro   0x00000000000170ae      0x2c8 ./ThirdParty/ssd1306/ssd1306.o
 .debug_macro   0x0000000000017376       0x28 ./ThirdParty/ssd1306/ssd1306.o
 .debug_macro   0x000000000001739e      0x19b ./ThirdParty/ssd1306/ssd1306.o
 .debug_macro   0x0000000000017539       0x16 ./ThirdParty/ssd1306/ssd1306.o
 .debug_macro   0x000000000001754f       0x76 ./ThirdParty/ssd1306/ssd1306_fonts.o

.debug_line     0x0000000000000000     0xbff0
 .debug_line    0x0000000000000000      0xecc ./Core/Src/main.o
 .debug_line    0x0000000000000ecc      0x9a4 ./Core/Src/stm32f1xx_hal_msp.o
 .debug_line    0x0000000000001870      0xa1b ./Core/Src/stm32f1xx_it.o
 .debug_line    0x000000000000228b      0x63d ./Core/Src/sysmem.o
 .debug_line    0x00000000000028c8      0x7ea ./Core/Src/system_stm32f1xx.o
 .debug_line    0x00000000000030b2       0x87 ./Core/Startup/startup_stm32f103c6tx.o
 .debug_line    0x0000000000003139      0xa17 ./Drivers/STM32F1xx_HAL_Driver/Src/stm32f1xx_hal.o
 .debug_line    0x0000000000003b50      0xbff ./Drivers/STM32F1xx_HAL_Driver/Src/stm32f1xx_hal_cortex.o
 .debug_line    0x000000000000474f      0xa99 ./Drivers/STM32F1xx_HAL_Driver/Src/stm32f1xx_hal_gpio.o
 .debug_line    0x00000000000051e8     0x3b01 ./Drivers/STM32F1xx_HAL_Driver/Src/stm32f1xx_hal_i2c.o
 .debug_line    0x0000000000008ce9      0xe25 ./Drivers/STM32F1xx_HAL_Driver/Src/stm32f1xx_hal_rcc.o
 .debug_line    0x0000000000009b0e     0x113a ./ThirdParty/Si5351-lib/src/si5351.o
 .debug_line    0x000000000000ac48      0xedd ./ThirdParty/ssd1306/ssd1306.o
 .debug_line    0x000000000000bb25      0x4cb ./ThirdParty/ssd1306/ssd1306_fonts.o

.debug_str      0x0000000000000000    0x826e1
 .debug_str     0x0000000000000000    0x7f932 ./Core/Src/main.o
                                      0x7fd21 (size before relaxing)
 .debug_str     0x000000000007f932       0x91 ./Core/Src/stm32f1xx_hal_msp.o
                                      0x7b5df (size before relaxing)
 .debug_str     0x000000000007f9c3       0xc9 ./Core/Src/stm32f1xx_it.o
                                      0x7b0f0 (size before relaxing)
 .debug_str     0x000000000007fa8c      0x4da ./Core/Src/sysmem.o
                                       0x5d5c (size before relaxing)
 .debug_str     0x000000000007ff66       0x7e ./Core/Src/system_stm32f1xx.o
                                      0x7a024 (size before relaxing)
 .debug_str     0x000000000007ffe4       0x36 ./Core/Startup/startup_stm32f103c6tx.o
                                         0x76 (size before relaxing)
 .debug_str     0x000000000008001a      0x5cd ./Drivers/STM32F1xx_HAL_Driver/Src/stm32f1xx_hal.o
                                      0x7a71d (size before relaxing)
 .debug_str     0x00000000000805e7      0x2bb ./Drivers/STM32F1xx_HAL_Driver/Src/stm32f1xx_hal_cortex.o
                                      0x7a669 (size before relaxing)
 .debug_str     0x00000000000808a2      0x2c2 ./Drivers/STM32F1xx_HAL_Driver/Src/stm32f1xx_hal_gpio.o
                                      0x7a3aa (size before relaxing)
 .debug_str     0x0000000000080b64      0xb8d ./Drivers/STM32F1xx_HAL_Driver/Src/stm32f1xx_hal_i2c.o
                                      0x7b098 (size before relaxing)
 .debug_str     0x00000000000816f1      0x209 ./Drivers/STM32F1xx_HAL_Driver/Src/stm32f1xx_hal_rcc.o
                                      0x7a453 (size before relaxing)
 .debug_str     0x00000000000818fa      0x2c4 ./ThirdParty/Si5351-lib/src/si5351.o
                                      0x7b913 (size before relaxing)
 .debug_str     0x0000000000081bbe      0xaf5 ./ThirdParty/ssd1306/ssd1306.o
                                      0x7e173 (size before relaxing)
 .debug_str     0x00000000000826b3       0x2e ./ThirdParty/ssd1306/ssd1306_fonts.o
                                       0x3d1a (size before relaxing)

.comment        0x0000000000000000       0x50
 .comment       0x0000000000000000       0x50 ./Core/Src/main.o
                                         0x51 (size before relaxing)
 .comment       0x0000000000000050       0x51 ./Core/Src/stm32f1xx_hal_msp.o
 .comment       0x0000000000000050       0x51 ./Core/Src/stm32f1xx_it.o
 .comment       0x0000000000000050       0x51 ./Core/Src/sysmem.o
 .comment       0x0000000000000050       0x51 ./Core/Src/system_stm32f1xx.o
 .comment       0x0000000000000050       0x51 ./Drivers/STM32F1xx_HAL_Driver/Src/stm32f1xx_hal.o
 .comment       0x0000000000000050       0x51 ./Drivers/STM32F1xx_HAL_Driver/Src/stm32f1xx_hal_cortex.o
 .comment       0x0000000000000050       0x51 ./Drivers/STM32F1xx_HAL_Driver/Src/stm32f1xx_hal_gpio.o
 .comment       0x0000000000000050       0x51 ./Drivers/STM32F1xx_HAL_Driver/Src/stm32f1xx_hal_i2c.o
 .comment       0x0000000000000050       0x51 ./Drivers/STM32F1xx_HAL_Driver/Src/stm32f1xx_hal_rcc.o
 .comment       0x0000000000000050       0x51 ./ThirdParty/Si5351-lib/src/si5351.o
 .comment       0x0000000000000050       0x51 ./ThirdParty/ssd1306/ssd1306.o
 .comment       0x0000000000000050       0x51 ./ThirdParty/ssd1306/ssd1306_fonts.o

.debug_frame    0x0000000000000000     0x2718
 .debug_frame   0x0000000000000000      0x208 ./Core/Src/main.o
 .debug_frame   0x0000000000000208       0x80 ./Core/Src/stm32f1xx_hal_msp.o
 .debug_frame   0x0000000000000288      0x104 ./Core/Src/stm32f1xx_it.o
 .debug_frame   0x000000000000038c       0x34 ./Core/Src/sysmem.o
 .debug_frame   0x00000000000003c0       0x58 ./Core/Src/system_stm32f1xx.o
 .debug_frame   0x0000000000000418      0x334 ./Drivers/STM32F1xx_HAL_Driver/Src/stm32f1xx_hal.o
 .debug_frame   0x000000000000074c      0x428 ./Drivers/STM32F1xx_HAL_Driver/Src/stm32f1xx_hal_cortex.o
 .debug_frame   0x0000000000000b74      0x14c ./Drivers/STM32F1xx_HAL_Driver/Src/stm32f1xx_hal_gpio.o
 .debug_frame   0x0000000000000cc0      0xc5c ./Drivers/STM32F1xx_HAL_Driver/Src/stm32f1xx_hal_i2c.o
 .debug_frame   0x000000000000191c      0x21c ./Drivers/STM32F1xx_HAL_Driver/Src/stm32f1xx_hal_rcc.o
 .debug_frame   0x0000000000001b38      0x27c ./ThirdParty/Si5351-lib/src/si5351.o
 .debug_frame   0x0000000000001db4      0x340 ./ThirdParty/ssd1306/ssd1306.o
 .debug_frame   0x00000000000020f4       0x30 c:/program files/stmicroelectronics/stm32cube/stm32cubeide_1.9.0/stm32cubeide/plugins/com.st.stm32cube.ide.mcu.externaltools.gnu-tools-for-stm32.10.3-2021.10.win32_1.0.0.202111181127/tools/bin/../lib/gcc/arm-none-eabi/10.3.1/../../../../arm-none-eabi/lib/thumb/v7-m/nofp\libc_nano.a(lib_a-atol.o)
 .debug_frame   0x0000000000002124       0x20 c:/program files/stmicroelectronics/stm32cube/stm32cubeide_1.9.0/stm32cubeide/plugins/com.st.stm32cube.ide.mcu.externaltools.gnu-tools-for-stm32.10.3-2021.10.win32_1.0.0.202111181127/tools/bin/../lib/gcc/arm-none-eabi/10.3.1/../../../../arm-none-eabi/lib/thumb/v7-m/nofp\libc_nano.a(lib_a-errno.o)
 .debug_frame   0x0000000000002144       0x2c c:/program files/stmicroelectronics/stm32cube/stm32cubeide_1.9.0/stm32cubeide/plugins/com.st.stm32cube.ide.mcu.externaltools.gnu-tools-for-stm32.10.3-2021.10.win32_1.0.0.202111181127/tools/bin/../lib/gcc/arm-none-eabi/10.3.1/../../../../arm-none-eabi/lib/thumb/v7-m/nofp\libc_nano.a(lib_a-init.o)
 .debug_frame   0x0000000000002170       0x28 c:/program files/stmicroelectronics/stm32cube/stm32cubeide_1.9.0/stm32cubeide/plugins/com.st.stm32cube.ide.mcu.externaltools.gnu-tools-for-stm32.10.3-2021.10.win32_1.0.0.202111181127/tools/bin/../lib/gcc/arm-none-eabi/10.3.1/../../../../arm-none-eabi/lib/thumb/v7-m/nofp\libc_nano.a(lib_a-memcpy-stub.o)
 .debug_frame   0x0000000000002198       0x20 c:/program files/stmicroelectronics/stm32cube/stm32cubeide_1.9.0/stm32cubeide/plugins/com.st.stm32cube.ide.mcu.externaltools.gnu-tools-for-stm32.10.3-2021.10.win32_1.0.0.202111181127/tools/bin/../lib/gcc/arm-none-eabi/10.3.1/../../../../arm-none-eabi/lib/thumb/v7-m/nofp\libc_nano.a(lib_a-memset.o)
 .debug_frame   0x00000000000021b8       0x6c c:/program files/stmicroelectronics/stm32cube/stm32cubeide_1.9.0/stm32cubeide/plugins/com.st.stm32cube.ide.mcu.externaltools.gnu-tools-for-stm32.10.3-2021.10.win32_1.0.0.202111181127/tools/bin/../lib/gcc/arm-none-eabi/10.3.1/../../../../arm-none-eabi/lib/thumb/v7-m/nofp\libc_nano.a(lib_a-sprintf.o)
 .debug_frame   0x0000000000002224       0x64 c:/program files/stmicroelectronics/stm32cube/stm32cubeide_1.9.0/stm32cubeide/plugins/com.st.stm32cube.ide.mcu.externaltools.gnu-tools-for-stm32.10.3-2021.10.win32_1.0.0.202111181127/tools/bin/../lib/gcc/arm-none-eabi/10.3.1/../../../../arm-none-eabi/lib/thumb/v7-m/nofp\libc_nano.a(lib_a-strtol.o)
 .debug_frame   0x0000000000002288       0x90 c:/program files/stmicroelectronics/stm32cube/stm32cubeide_1.9.0/stm32cubeide/plugins/com.st.stm32cube.ide.mcu.externaltools.gnu-tools-for-stm32.10.3-2021.10.win32_1.0.0.202111181127/tools/bin/../lib/gcc/arm-none-eabi/10.3.1/../../../../arm-none-eabi/lib/thumb/v7-m/nofp\libc_nano.a(lib_a-nano-svfprintf.o)
 .debug_frame   0x0000000000002318       0x60 c:/program files/stmicroelectronics/stm32cube/stm32cubeide_1.9.0/stm32cubeide/plugins/com.st.stm32cube.ide.mcu.externaltools.gnu-tools-for-stm32.10.3-2021.10.win32_1.0.0.202111181127/tools/bin/../lib/gcc/arm-none-eabi/10.3.1/../../../../arm-none-eabi/lib/thumb/v7-m/nofp\libc_nano.a(lib_a-nano-vfprintf_i.o)
 .debug_frame   0x0000000000002378       0x28 c:/program files/stmicroelectronics/stm32cube/stm32cubeide_1.9.0/stm32cubeide/plugins/com.st.stm32cube.ide.mcu.externaltools.gnu-tools-for-stm32.10.3-2021.10.win32_1.0.0.202111181127/tools/bin/../lib/gcc/arm-none-eabi/10.3.1/../../../../arm-none-eabi/lib/thumb/v7-m/nofp\libc_nano.a(lib_a-memchr-stub.o)
 .debug_frame   0x00000000000023a0       0x28 c:/program files/stmicroelectronics/stm32cube/stm32cubeide_1.9.0/stm32cubeide/plugins/com.st.stm32cube.ide.mcu.externaltools.gnu-tools-for-stm32.10.3-2021.10.win32_1.0.0.202111181127/tools/bin/../lib/gcc/arm-none-eabi/10.3.1/../../../../arm-none-eabi/lib/thumb/v7-m/nofp\libc_nano.a(lib_a-memmove.o)
 .debug_frame   0x00000000000023c8       0x38 c:/program files/stmicroelectronics/stm32cube/stm32cubeide_1.9.0/stm32cubeide/plugins/com.st.stm32cube.ide.mcu.externaltools.gnu-tools-for-stm32.10.3-2021.10.win32_1.0.0.202111181127/tools/bin/../lib/gcc/arm-none-eabi/10.3.1/../../../../arm-none-eabi/lib/thumb/v7-m/nofp\libc_nano.a(lib_a-nano-freer.o)
 .debug_frame   0x0000000000002400       0x4c c:/program files/stmicroelectronics/stm32cube/stm32cubeide_1.9.0/stm32cubeide/plugins/com.st.stm32cube.ide.mcu.externaltools.gnu-tools-for-stm32.10.3-2021.10.win32_1.0.0.202111181127/tools/bin/../lib/gcc/arm-none-eabi/10.3.1/../../../../arm-none-eabi/lib/thumb/v7-m/nofp\libc_nano.a(lib_a-nano-mallocr.o)
 .debug_frame   0x000000000000244c       0x3c c:/program files/stmicroelectronics/stm32cube/stm32cubeide_1.9.0/stm32cubeide/plugins/com.st.stm32cube.ide.mcu.externaltools.gnu-tools-for-stm32.10.3-2021.10.win32_1.0.0.202111181127/tools/bin/../lib/gcc/arm-none-eabi/10.3.1/../../../../arm-none-eabi/lib/thumb/v7-m/nofp\libc_nano.a(lib_a-nano-reallocr.o)
 .debug_frame   0x0000000000002488       0x2c c:/program files/stmicroelectronics/stm32cube/stm32cubeide_1.9.0/stm32cubeide/plugins/com.st.stm32cube.ide.mcu.externaltools.gnu-tools-for-stm32.10.3-2021.10.win32_1.0.0.202111181127/tools/bin/../lib/gcc/arm-none-eabi/10.3.1/../../../../arm-none-eabi/lib/thumb/v7-m/nofp\libc_nano.a(lib_a-sbrkr.o)
 .debug_frame   0x00000000000024b4       0x30 c:/program files/stmicroelectronics/stm32cube/stm32cubeide_1.9.0/stm32cubeide/plugins/com.st.stm32cube.ide.mcu.externaltools.gnu-tools-for-stm32.10.3-2021.10.win32_1.0.0.202111181127/tools/bin/../lib/gcc/arm-none-eabi/10.3.1/../../../../arm-none-eabi/lib/thumb/v7-m/nofp\libc_nano.a(lib_a-mlock.o)
 .debug_frame   0x00000000000024e4       0x20 c:/program files/stmicroelectronics/stm32cube/stm32cubeide_1.9.0/stm32cubeide/plugins/com.st.stm32cube.ide.mcu.externaltools.gnu-tools-for-stm32.10.3-2021.10.win32_1.0.0.202111181127/tools/bin/../lib/gcc/arm-none-eabi/10.3.1/../../../../arm-none-eabi/lib/thumb/v7-m/nofp\libc_nano.a(lib_a-nano-msizer.o)
 .debug_frame   0x0000000000002504       0x5c c:/program files/stmicroelectronics/stm32cube/stm32cubeide_1.9.0/stm32cubeide/plugins/com.st.stm32cube.ide.mcu.externaltools.gnu-tools-for-stm32.10.3-2021.10.win32_1.0.0.202111181127/tools/bin/../lib/gcc/arm-none-eabi/10.3.1/../../../../arm-none-eabi/lib/thumb/v7-m/nofp\libc_nano.a(lib_a-reent.o)
 .debug_frame   0x0000000000002560       0xb0 c:/program files/stmicroelectronics/stm32cube/stm32cubeide_1.9.0/stm32cubeide/plugins/com.st.stm32cube.ide.mcu.externaltools.gnu-tools-for-stm32.10.3-2021.10.win32_1.0.0.202111181127/tools/bin/../lib/gcc/arm-none-eabi/10.3.1/../../../../arm-none-eabi/lib/thumb/v7-m/nofp\libc_nano.a(lib_a-lock.o)
 .debug_frame   0x0000000000002610       0x4c c:/program files/stmicroelectronics/stm32cube/stm32cubeide_1.9.0/stm32cubeide/plugins/com.st.stm32cube.ide.mcu.externaltools.gnu-tools-for-stm32.10.3-2021.10.win32_1.0.0.202111181127/tools/bin/../lib/gcc/arm-none-eabi/10.3.1/thumb/v7-m/nofp\libgcc.a(_arm_addsubsf3.o)
 .debug_frame   0x000000000000265c       0x38 c:/program files/stmicroelectronics/stm32cube/stm32cubeide_1.9.0/stm32cubeide/plugins/com.st.stm32cube.ide.mcu.externaltools.gnu-tools-for-stm32.10.3-2021.10.win32_1.0.0.202111181127/tools/bin/../lib/gcc/arm-none-eabi/10.3.1/thumb/v7-m/nofp\libgcc.a(_arm_muldivsf3.o)
 .debug_frame   0x0000000000002694       0x24 c:/program files/stmicroelectronics/stm32cube/stm32cubeide_1.9.0/stm32cubeide/plugins/com.st.stm32cube.ide.mcu.externaltools.gnu-tools-for-stm32.10.3-2021.10.win32_1.0.0.202111181127/tools/bin/../lib/gcc/arm-none-eabi/10.3.1/thumb/v7-m/nofp\libgcc.a(_arm_fixunssfsi.o)
 .debug_frame   0x00000000000026b8       0x2c c:/program files/stmicroelectronics/stm32cube/stm32cubeide_1.9.0/stm32cubeide/plugins/com.st.stm32cube.ide.mcu.externaltools.gnu-tools-for-stm32.10.3-2021.10.win32_1.0.0.202111181127/tools/bin/../lib/gcc/arm-none-eabi/10.3.1/thumb/v7-m/nofp\libgcc.a(_aeabi_uldivmod.o)
 .debug_frame   0x00000000000026e4       0x34 c:/program files/stmicroelectronics/stm32cube/stm32cubeide_1.9.0/stm32cubeide/plugins/com.st.stm32cube.ide.mcu.externaltools.gnu-tools-for-stm32.10.3-2021.10.win32_1.0.0.202111181127/tools/bin/../lib/gcc/arm-none-eabi/10.3.1/thumb/v7-m/nofp\libgcc.a(_udivmoddi4.o)
