../ThirdParty/ssd1306/ssd1306.c:8:6:ssd1306_Reset	8	static
../ThirdParty/ssd1306/ssd1306.c:17:6:ssd1306_WriteCommand	32	static
../ThirdParty/ssd1306/ssd1306.c:22:6:ssd1306_WriteData	32	static
../ThirdParty/ssd1306/ssd1306.c:67:17:ssd1306_FillBuffer	24	static
../ThirdParty/ssd1306/ssd1306.c:77:6:ssd1306_Init	8	static
../ThirdParty/ssd1306/ssd1306.c:179:6:ssd1306_Fill	24	static
../ThirdParty/ssd1306/ssd1306.c:189:6:ssd1306_UpdateScreen	16	static
../ThirdParty/ssd1306/ssd1306.c:208:6:ssd1306_DrawPixel	16	static
../ThirdParty/ssd1306/ssd1306.c:226:6:ssd1306_WriteChar	48	static
../ThirdParty/ssd1306/ssd1306.c:261:6:ssd1306_WriteString	24	static
../ThirdParty/ssd1306/ssd1306.c:278:6:ssd1306_SetCursor	16	static
../ThirdParty/ssd1306/ssd1306.c:284:6:ssd1306_Line	48	static
../ThirdParty/ssd1306/ssd1306.c:320:6:ssd1306_Polyline	40	static
../ThirdParty/ssd1306/ssd1306.c:334:14:ssd1306_DegToRad	16	static
../ThirdParty/ssd1306/ssd1306.c:338:17:ssd1306_NormalizeTo0_360	24	static
../ThirdParty/ssd1306/ssd1306.c:355:6:ssd1306_DrawArc	56	static
../ThirdParty/ssd1306/ssd1306.c:392:6:ssd1306_DrawCircle	40	static
../ThirdParty/ssd1306/ssd1306.c:437:6:ssd1306_DrawRectangle	32	static
../ThirdParty/ssd1306/ssd1306.c:448:6:ssd1306_DrawBitmap	24	static
../ThirdParty/ssd1306/ssd1306.c:470:6:ssd1306_SetContrast	24	static
../ThirdParty/ssd1306/ssd1306.c:476:6:ssd1306_SetDisplayOn	24	static
../ThirdParty/ssd1306/ssd1306.c:488:9:ssd1306_GetDisplayOn	4	static
